Command line invocation:
    /Applications/Xcode.app/Contents/Developer/usr/bin/xcodebuild test -scheme HiraganaMatchingGame -destination "platform=iOS Simulator,name=iPhone 16,OS=18.5"

--- xcodebuild: WARNING: Using the first of multiple matching destinations:
{ platform:iOS Simulator, arch:arm64, id:0B9E5D6A-C6EC-4274-9BD8-4952EBC069BC, OS:18.5, name:iPhone 16 }
{ platform:iOS Simulator, arch:x86_64, id:0B9E5D6A-C6EC-4274-9BD8-4952EBC069BC, OS:18.5, name:iPhone 16 }
ComputePackagePrebuildTargetDependencyGraph

Prepare packages

CreateBuildRequest

SendProjectDescription

CreateBuildOperation

ComputeTargetDependencyGraph
note: Building targets in dependency order
note: Target dependency graph (3 targets)
    Target 'HiraganaMatchingGameTests' in project 'HiraganaMatchingGame'
        ➜ Explicit dependency on target 'HiraganaMatchingGame' in project 'HiraganaMatchingGame'
    Target 'HiraganaMatchingGameUITests' in project 'HiraganaMatchingGame'
        ➜ Explicit dependency on target 'HiraganaMatchingGame' in project 'HiraganaMatchingGame'
    Target 'HiraganaMatchingGame' in project 'HiraganaMatchingGame' (no dependencies)

GatherProvisioningInputs

CreateBuildDescription

ExecuteExternalTool /Applications/Xcode.app/Contents/Developer/usr/bin/actool --print-asset-tag-combinations --output-format xml1 /Users/shinya/workspace/claude/HiraganaMatchingGame/app/HiraganaMatchingGame/Assets.xcassets

ExecuteExternalTool /Applications/Xcode.app/Contents/Developer/Toolchains/XcodeDefault.xctoolchain/usr/bin/swiftc --version

ExecuteExternalTool /Applications/Xcode.app/Contents/Developer/Toolchains/XcodeDefault.xctoolchain/usr/bin/clang -v -E -dM -isysroot /Applications/Xcode.app/Contents/Developer/Platforms/iPhoneSimulator.platform/Developer/SDKs/iPhoneSimulator18.5.sdk -x c -c /dev/null

ExecuteExternalTool /Applications/Xcode.app/Contents/Developer/Toolchains/XcodeDefault.xctoolchain/usr/bin/ld -version_details

ExecuteExternalTool /Applications/Xcode.app/Contents/Developer/usr/bin/actool --version --output-format xml1

Build description signature: 5c938a400561ed263fc4977877cb9f0c
Build description path: /Users/shinya/Library/Developer/Xcode/DerivedData/HiraganaMatchingGame-eunlxllhqpjhuxgjuqzguzktdqzy/Build/Intermediates.noindex/XCBuildData/5c938a400561ed263fc4977877cb9f0c.xcbuilddata
ClangStatCache /Applications/Xcode.app/Contents/Developer/Toolchains/XcodeDefault.xctoolchain/usr/bin/clang-stat-cache /Applications/Xcode.app/Contents/Developer/Platforms/iPhoneSimulator.platform/Developer/SDKs/iPhoneSimulator18.5.sdk /Users/shinya/Library/Developer/Xcode/DerivedData/SDKStatCaches.noindex/iphonesimulator18.5-22F76-d5fc8ad4295d2ef488fb7d0f804ce0c4.sdkstatcache
    cd /Users/shinya/workspace/claude/HiraganaMatchingGame/app/HiraganaMatchingGame.xcodeproj
    /Applications/Xcode.app/Contents/Developer/Toolchains/XcodeDefault.xctoolchain/usr/bin/clang-stat-cache /Applications/Xcode.app/Contents/Developer/Platforms/iPhoneSimulator.platform/Developer/SDKs/iPhoneSimulator18.5.sdk -o /Users/shinya/Library/Developer/Xcode/DerivedData/SDKStatCaches.noindex/iphonesimulator18.5-22F76-d5fc8ad4295d2ef488fb7d0f804ce0c4.sdkstatcache

WriteAuxiliaryFile /Users/shinya/Library/Developer/Xcode/DerivedData/HiraganaMatchingGame-eunlxllhqpjhuxgjuqzguzktdqzy/Build/Intermediates.noindex/HiraganaMatchingGame.build/Debug-iphonesimulator/HiraganaMatchingGame.build/Objects-normal/arm64/HiraganaMatchingGame.SwiftFileList (in target 'HiraganaMatchingGame' from project 'HiraganaMatchingGame')
    cd /Users/shinya/workspace/claude/HiraganaMatchingGame/app
    write-file /Users/shinya/Library/Developer/Xcode/DerivedData/HiraganaMatchingGame-eunlxllhqpjhuxgjuqzguzktdqzy/Build/Intermediates.noindex/HiraganaMatchingGame.build/Debug-iphonesimulator/HiraganaMatchingGame.build/Objects-normal/arm64/HiraganaMatchingGame.SwiftFileList

WriteAuxiliaryFile /Users/shinya/Library/Developer/Xcode/DerivedData/HiraganaMatchingGame-eunlxllhqpjhuxgjuqzguzktdqzy/Build/Intermediates.noindex/HiraganaMatchingGame.build/Debug-iphonesimulator/HiraganaMatchingGame.build/Objects-normal/arm64/HiraganaMatchingGame.SwiftConstValuesFileList (in target 'HiraganaMatchingGame' from project 'HiraganaMatchingGame')
    cd /Users/shinya/workspace/claude/HiraganaMatchingGame/app
    write-file /Users/shinya/Library/Developer/Xcode/DerivedData/HiraganaMatchingGame-eunlxllhqpjhuxgjuqzguzktdqzy/Build/Intermediates.noindex/HiraganaMatchingGame.build/Debug-iphonesimulator/HiraganaMatchingGame.build/Objects-normal/arm64/HiraganaMatchingGame.SwiftConstValuesFileList

WriteAuxiliaryFile /Users/shinya/Library/Developer/Xcode/DerivedData/HiraganaMatchingGame-eunlxllhqpjhuxgjuqzguzktdqzy/Build/Intermediates.noindex/HiraganaMatchingGame.build/Debug-iphonesimulator/HiraganaMatchingGame.build/Objects-normal/arm64/HiraganaMatchingGame.LinkFileList (in target 'HiraganaMatchingGame' from project 'HiraganaMatchingGame')
    cd /Users/shinya/workspace/claude/HiraganaMatchingGame/app
    write-file /Users/shinya/Library/Developer/Xcode/DerivedData/HiraganaMatchingGame-eunlxllhqpjhuxgjuqzguzktdqzy/Build/Intermediates.noindex/HiraganaMatchingGame.build/Debug-iphonesimulator/HiraganaMatchingGame.build/Objects-normal/arm64/HiraganaMatchingGame.LinkFileList

ProcessProductPackaging "" /Users/shinya/Library/Developer/Xcode/DerivedData/HiraganaMatchingGame-eunlxllhqpjhuxgjuqzguzktdqzy/Build/Intermediates.noindex/HiraganaMatchingGame.build/Debug-iphonesimulator/HiraganaMatchingGame.build/HiraganaMatchingGame.app-Simulated.xcent (in target 'HiraganaMatchingGame' from project 'HiraganaMatchingGame')
    cd /Users/shinya/workspace/claude/HiraganaMatchingGame/app
    
    Entitlements:
    
    {
    "application-identifier" = "UUD4WPFJTD.com.asapapalab.HiraganaMatchingGame";
}
    
    builtin-productPackagingUtility -entitlements -format xml -o /Users/shinya/Library/Developer/Xcode/DerivedData/HiraganaMatchingGame-eunlxllhqpjhuxgjuqzguzktdqzy/Build/Intermediates.noindex/HiraganaMatchingGame.build/Debug-iphonesimulator/HiraganaMatchingGame.build/HiraganaMatchingGame.app-Simulated.xcent

WriteAuxiliaryFile /Users/shinya/Library/Developer/Xcode/DerivedData/HiraganaMatchingGame-eunlxllhqpjhuxgjuqzguzktdqzy/Build/Intermediates.noindex/HiraganaMatchingGame.build/Debug-iphonesimulator/HiraganaMatchingGameUITests.build/Objects-normal/arm64/HiraganaMatchingGameUITests.SwiftConstValuesFileList (in target 'HiraganaMatchingGameUITests' from project 'HiraganaMatchingGame')
    cd /Users/shinya/workspace/claude/HiraganaMatchingGame/app
    write-file /Users/shinya/Library/Developer/Xcode/DerivedData/HiraganaMatchingGame-eunlxllhqpjhuxgjuqzguzktdqzy/Build/Intermediates.noindex/HiraganaMatchingGame.build/Debug-iphonesimulator/HiraganaMatchingGameUITests.build/Objects-normal/arm64/HiraganaMatchingGameUITests.SwiftConstValuesFileList

WriteAuxiliaryFile /Users/shinya/Library/Developer/Xcode/DerivedData/HiraganaMatchingGame-eunlxllhqpjhuxgjuqzguzktdqzy/Build/Intermediates.noindex/HiraganaMatchingGame.build/Debug-iphonesimulator/HiraganaMatchingGameTests.build/Objects-normal/arm64/HiraganaMatchingGameTests.SwiftFileList (in target 'HiraganaMatchingGameTests' from project 'HiraganaMatchingGame')
    cd /Users/shinya/workspace/claude/HiraganaMatchingGame/app
    write-file /Users/shinya/Library/Developer/Xcode/DerivedData/HiraganaMatchingGame-eunlxllhqpjhuxgjuqzguzktdqzy/Build/Intermediates.noindex/HiraganaMatchingGame.build/Debug-iphonesimulator/HiraganaMatchingGameTests.build/Objects-normal/arm64/HiraganaMatchingGameTests.SwiftFileList

WriteAuxiliaryFile /Users/shinya/Library/Developer/Xcode/DerivedData/HiraganaMatchingGame-eunlxllhqpjhuxgjuqzguzktdqzy/Build/Intermediates.noindex/HiraganaMatchingGame.build/Debug-iphonesimulator/HiraganaMatchingGameTests.build/Objects-normal/arm64/HiraganaMatchingGameTests.LinkFileList (in target 'HiraganaMatchingGameTests' from project 'HiraganaMatchingGame')
    cd /Users/shinya/workspace/claude/HiraganaMatchingGame/app
    write-file /Users/shinya/Library/Developer/Xcode/DerivedData/HiraganaMatchingGame-eunlxllhqpjhuxgjuqzguzktdqzy/Build/Intermediates.noindex/HiraganaMatchingGame.build/Debug-iphonesimulator/HiraganaMatchingGameTests.build/Objects-normal/arm64/HiraganaMatchingGameTests.LinkFileList

WriteAuxiliaryFile /Users/shinya/Library/Developer/Xcode/DerivedData/HiraganaMatchingGame-eunlxllhqpjhuxgjuqzguzktdqzy/Build/Intermediates.noindex/HiraganaMatchingGame.build/Debug-iphonesimulator/HiraganaMatchingGameUITests.build/Objects-normal/arm64/HiraganaMatchingGameUITests.SwiftFileList (in target 'HiraganaMatchingGameUITests' from project 'HiraganaMatchingGame')
    cd /Users/shinya/workspace/claude/HiraganaMatchingGame/app
    write-file /Users/shinya/Library/Developer/Xcode/DerivedData/HiraganaMatchingGame-eunlxllhqpjhuxgjuqzguzktdqzy/Build/Intermediates.noindex/HiraganaMatchingGame.build/Debug-iphonesimulator/HiraganaMatchingGameUITests.build/Objects-normal/arm64/HiraganaMatchingGameUITests.SwiftFileList

WriteAuxiliaryFile /Users/shinya/Library/Developer/Xcode/DerivedData/HiraganaMatchingGame-eunlxllhqpjhuxgjuqzguzktdqzy/Build/Intermediates.noindex/HiraganaMatchingGame.build/Debug-iphonesimulator/HiraganaMatchingGameUITests.build/Objects-normal/arm64/HiraganaMatchingGameUITests.LinkFileList (in target 'HiraganaMatchingGameUITests' from project 'HiraganaMatchingGame')
    cd /Users/shinya/workspace/claude/HiraganaMatchingGame/app
    write-file /Users/shinya/Library/Developer/Xcode/DerivedData/HiraganaMatchingGame-eunlxllhqpjhuxgjuqzguzktdqzy/Build/Intermediates.noindex/HiraganaMatchingGame.build/Debug-iphonesimulator/HiraganaMatchingGameUITests.build/Objects-normal/arm64/HiraganaMatchingGameUITests.LinkFileList

ProcessProductPackagingDER /Users/shinya/Library/Developer/Xcode/DerivedData/HiraganaMatchingGame-eunlxllhqpjhuxgjuqzguzktdqzy/Build/Intermediates.noindex/HiraganaMatchingGame.build/Debug-iphonesimulator/HiraganaMatchingGame.build/HiraganaMatchingGame.app-Simulated.xcent /Users/shinya/Library/Developer/Xcode/DerivedData/HiraganaMatchingGame-eunlxllhqpjhuxgjuqzguzktdqzy/Build/Intermediates.noindex/HiraganaMatchingGame.build/Debug-iphonesimulator/HiraganaMatchingGame.build/HiraganaMatchingGame.app-Simulated.xcent.der (in target 'HiraganaMatchingGame' from project 'HiraganaMatchingGame')
    cd /Users/shinya/workspace/claude/HiraganaMatchingGame/app
    /usr/bin/derq query -f xml -i /Users/shinya/Library/Developer/Xcode/DerivedData/HiraganaMatchingGame-eunlxllhqpjhuxgjuqzguzktdqzy/Build/Intermediates.noindex/HiraganaMatchingGame.build/Debug-iphonesimulator/HiraganaMatchingGame.build/HiraganaMatchingGame.app-Simulated.xcent -o /Users/shinya/Library/Developer/Xcode/DerivedData/HiraganaMatchingGame-eunlxllhqpjhuxgjuqzguzktdqzy/Build/Intermediates.noindex/HiraganaMatchingGame.build/Debug-iphonesimulator/HiraganaMatchingGame.build/HiraganaMatchingGame.app-Simulated.xcent.der --raw

WriteAuxiliaryFile /Users/shinya/Library/Developer/Xcode/DerivedData/HiraganaMatchingGame-eunlxllhqpjhuxgjuqzguzktdqzy/Build/Intermediates.noindex/HiraganaMatchingGame.build/Debug-iphonesimulator/HiraganaMatchingGameTests.build/Objects-normal/arm64/HiraganaMatchingGameTests.SwiftConstValuesFileList (in target 'HiraganaMatchingGameTests' from project 'HiraganaMatchingGame')
    cd /Users/shinya/workspace/claude/HiraganaMatchingGame/app
    write-file /Users/shinya/Library/Developer/Xcode/DerivedData/HiraganaMatchingGame-eunlxllhqpjhuxgjuqzguzktdqzy/Build/Intermediates.noindex/HiraganaMatchingGame.build/Debug-iphonesimulator/HiraganaMatchingGameTests.build/Objects-normal/arm64/HiraganaMatchingGameTests.SwiftConstValuesFileList

SwiftDriver HiraganaMatchingGame normal arm64 com.apple.xcode.tools.swift.compiler (in target 'HiraganaMatchingGame' from project 'HiraganaMatchingGame')
    cd /Users/shinya/workspace/claude/HiraganaMatchingGame/app
    builtin-SwiftDriver -- /Applications/Xcode.app/Contents/Developer/Toolchains/XcodeDefault.xctoolchain/usr/bin/swiftc -module-name HiraganaMatchingGame -Onone -enforce-exclusivity\=checked @/Users/shinya/Library/Developer/Xcode/DerivedData/HiraganaMatchingGame-eunlxllhqpjhuxgjuqzguzktdqzy/Build/Intermediates.noindex/HiraganaMatchingGame.build/Debug-iphonesimulator/HiraganaMatchingGame.build/Objects-normal/arm64/HiraganaMatchingGame.SwiftFileList -DDEBUG -enable-bare-slash-regex -enable-experimental-feature DebugDescriptionMacro -sdk /Applications/Xcode.app/Contents/Developer/Platforms/iPhoneSimulator.platform/Developer/SDKs/iPhoneSimulator18.5.sdk -target arm64-apple-ios18.5-simulator -g -module-cache-path /Users/shinya/Library/Developer/Xcode/DerivedData/ModuleCache.noindex -Xfrontend -serialize-debugging-options -profile-coverage-mapping -profile-generate -enable-testing -index-store-path /Users/shinya/Library/Developer/Xcode/DerivedData/HiraganaMatchingGame-eunlxllhqpjhuxgjuqzguzktdqzy/Index.noindex/DataStore -swift-version 5 -I /Users/shinya/Library/Developer/Xcode/DerivedData/HiraganaMatchingGame-eunlxllhqpjhuxgjuqzguzktdqzy/Build/Products/Debug-iphonesimulator -F /Users/shinya/Library/Developer/Xcode/DerivedData/HiraganaMatchingGame-eunlxllhqpjhuxgjuqzguzktdqzy/Build/Products/Debug-iphonesimulator -emit-localized-strings -emit-localized-strings-path /Users/shinya/Library/Developer/Xcode/DerivedData/HiraganaMatchingGame-eunlxllhqpjhuxgjuqzguzktdqzy/Build/Intermediates.noindex/HiraganaMatchingGame.build/Debug-iphonesimulator/HiraganaMatchingGame.build/Objects-normal/arm64 -c -j8 -enable-batch-mode -incremental -Xcc -ivfsstatcache -Xcc /Users/shinya/Library/Developer/Xcode/DerivedData/SDKStatCaches.noindex/iphonesimulator18.5-22F76-d5fc8ad4295d2ef488fb7d0f804ce0c4.sdkstatcache -output-file-map /Users/shinya/Library/Developer/Xcode/DerivedData/HiraganaMatchingGame-eunlxllhqpjhuxgjuqzguzktdqzy/Build/Intermediates.noindex/HiraganaMatchingGame.build/Debug-iphonesimulator/HiraganaMatchingGame.build/Objects-normal/arm64/HiraganaMatchingGame-OutputFileMap.json -use-frontend-parseable-output -save-temps -no-color-diagnostics -serialize-diagnostics -emit-dependencies -emit-module -emit-module-path /Users/shinya/Library/Developer/Xcode/DerivedData/HiraganaMatchingGame-eunlxllhqpjhuxgjuqzguzktdqzy/Build/Intermediates.noindex/HiraganaMatchingGame.build/Debug-iphonesimulator/HiraganaMatchingGame.build/Objects-normal/arm64/HiraganaMatchingGame.swiftmodule -validate-clang-modules-once -clang-build-session-file /Users/shinya/Library/Developer/Xcode/DerivedData/ModuleCache.noindex/Session.modulevalidation -Xcc -I/Users/shinya/Library/Developer/Xcode/DerivedData/HiraganaMatchingGame-eunlxllhqpjhuxgjuqzguzktdqzy/Build/Intermediates.noindex/HiraganaMatchingGame.build/Debug-iphonesimulator/HiraganaMatchingGame.build/swift-overrides.hmap -emit-const-values -Xfrontend -const-gather-protocols-file -Xfrontend /Users/shinya/Library/Developer/Xcode/DerivedData/HiraganaMatchingGame-eunlxllhqpjhuxgjuqzguzktdqzy/Build/Intermediates.noindex/HiraganaMatchingGame.build/Debug-iphonesimulator/HiraganaMatchingGame.build/Objects-normal/arm64/HiraganaMatchingGame_const_extract_protocols.json -Xcc -iquote -Xcc /Users/shinya/Library/Developer/Xcode/DerivedData/HiraganaMatchingGame-eunlxllhqpjhuxgjuqzguzktdqzy/Build/Intermediates.noindex/HiraganaMatchingGame.build/Debug-iphonesimulator/HiraganaMatchingGame.build/HiraganaMatchingGame-generated-files.hmap -Xcc -I/Users/shinya/Library/Developer/Xcode/DerivedData/HiraganaMatchingGame-eunlxllhqpjhuxgjuqzguzktdqzy/Build/Intermediates.noindex/HiraganaMatchingGame.build/Debug-iphonesimulator/HiraganaMatchingGame.build/HiraganaMatchingGame-own-target-headers.hmap -Xcc -I/Users/shinya/Library/Developer/Xcode/DerivedData/HiraganaMatchingGame-eunlxllhqpjhuxgjuqzguzktdqzy/Build/Intermediates.noindex/HiraganaMatchingGame.build/Debug-iphonesimulator/HiraganaMatchingGame.build/HiraganaMatchingGame-all-target-headers.hmap -Xcc -iquote -Xcc /Users/shinya/Library/Developer/Xcode/DerivedData/HiraganaMatchingGame-eunlxllhqpjhuxgjuqzguzktdqzy/Build/Intermediates.noindex/HiraganaMatchingGame.build/Debug-iphonesimulator/HiraganaMatchingGame.build/HiraganaMatchingGame-project-headers.hmap -Xcc -I/Users/shinya/Library/Developer/Xcode/DerivedData/HiraganaMatchingGame-eunlxllhqpjhuxgjuqzguzktdqzy/Build/Products/Debug-iphonesimulator/include -Xcc -I/Users/shinya/Library/Developer/Xcode/DerivedData/HiraganaMatchingGame-eunlxllhqpjhuxgjuqzguzktdqzy/Build/Intermediates.noindex/HiraganaMatchingGame.build/Debug-iphonesimulator/HiraganaMatchingGame.build/DerivedSources-normal/arm64 -Xcc -I/Users/shinya/Library/Developer/Xcode/DerivedData/HiraganaMatchingGame-eunlxllhqpjhuxgjuqzguzktdqzy/Build/Intermediates.noindex/HiraganaMatchingGame.build/Debug-iphonesimulator/HiraganaMatchingGame.build/DerivedSources/arm64 -Xcc -I/Users/shinya/Library/Developer/Xcode/DerivedData/HiraganaMatchingGame-eunlxllhqpjhuxgjuqzguzktdqzy/Build/Intermediates.noindex/HiraganaMatchingGame.build/Debug-iphonesimulator/HiraganaMatchingGame.build/DerivedSources -Xcc -DDEBUG\=1 -emit-objc-header -emit-objc-header-path /Users/shinya/Library/Developer/Xcode/DerivedData/HiraganaMatchingGame-eunlxllhqpjhuxgjuqzguzktdqzy/Build/Intermediates.noindex/HiraganaMatchingGame.build/Debug-iphonesimulator/HiraganaMatchingGame.build/Objects-normal/arm64/HiraganaMatchingGame-Swift.h -working-directory /Users/shinya/workspace/claude/HiraganaMatchingGame/app -experimental-emit-module-separately -disable-cmo

CompileAssetCatalogVariant thinned /Users/shinya/Library/Developer/Xcode/DerivedData/HiraganaMatchingGame-eunlxllhqpjhuxgjuqzguzktdqzy/Build/Products/Debug-iphonesimulator/HiraganaMatchingGame.app /Users/shinya/workspace/claude/HiraganaMatchingGame/app/HiraganaMatchingGame/Assets.xcassets (in target 'HiraganaMatchingGame' from project 'HiraganaMatchingGame')
    cd /Users/shinya/workspace/claude/HiraganaMatchingGame/app
    /Applications/Xcode.app/Contents/Developer/usr/bin/actool /Users/shinya/workspace/claude/HiraganaMatchingGame/app/HiraganaMatchingGame/Assets.xcassets --compile /Users/shinya/Library/Developer/Xcode/DerivedData/HiraganaMatchingGame-eunlxllhqpjhuxgjuqzguzktdqzy/Build/Intermediates.noindex/HiraganaMatchingGame.build/Debug-iphonesimulator/HiraganaMatchingGame.build/assetcatalog_output/thinned --output-format human-readable-text --notices --warnings --export-dependency-info /Users/shinya/Library/Developer/Xcode/DerivedData/HiraganaMatchingGame-eunlxllhqpjhuxgjuqzguzktdqzy/Build/Intermediates.noindex/HiraganaMatchingGame.build/Debug-iphonesimulator/HiraganaMatchingGame.build/assetcatalog_dependencies_thinned --output-partial-info-plist /Users/shinya/Library/Developer/Xcode/DerivedData/HiraganaMatchingGame-eunlxllhqpjhuxgjuqzguzktdqzy/Build/Intermediates.noindex/HiraganaMatchingGame.build/Debug-iphonesimulator/HiraganaMatchingGame.build/assetcatalog_generated_info.plist_thinned --app-icon AppIcon --accent-color AccentColor --compress-pngs --enable-on-demand-resources YES --filter-for-thinning-device-configuration iPhone17,3 --filter-for-device-os-version 18.5 --development-region en --target-device iphone --target-device ipad --minimum-deployment-target 18.5 --platform iphonesimulator
/* com.apple.actool.document.warnings */
/Users/shinya/workspace/claude/HiraganaMatchingGame/app/HiraganaMatchingGame/Assets.xcassets:./AppIcon.appiconset/[ios][universal][1024x1024][][][][][tinted][][]: warning: The file "AppIcon-1024-tinted.png" for the image set "AppIcon" does not exist.
/Users/shinya/workspace/claude/HiraganaMatchingGame/app/HiraganaMatchingGame/Assets.xcassets:./AppIcon.appiconset/[ios][universal][1024x1024][][][][][][][]: warning: The file "AppIcon-1024.png" for the image set "AppIcon" does not exist.
/Users/shinya/workspace/claude/HiraganaMatchingGame/app/HiraganaMatchingGame/Assets.xcassets:./AppIcon.appiconset/[ios][universal][1024x1024][][][][][dark][][]: warning: The file "AppIcon-1024-dark.png" for the image set "AppIcon" does not exist.
/* com.apple.actool.compilation-results */
/Users/shinya/Library/Developer/Xcode/DerivedData/HiraganaMatchingGame-eunlxllhqpjhuxgjuqzguzktdqzy/Build/Intermediates.noindex/HiraganaMatchingGame.build/Debug-iphonesimulator/HiraganaMatchingGame.build/assetcatalog_generated_info.plist_thinned


ProcessInfoPlistFile /Users/shinya/Library/Developer/Xcode/DerivedData/HiraganaMatchingGame-eunlxllhqpjhuxgjuqzguzktdqzy/Build/Products/Debug-iphonesimulator/HiraganaMatchingGame.app/Info.plist /Users/shinya/Library/Developer/Xcode/DerivedData/HiraganaMatchingGame-eunlxllhqpjhuxgjuqzguzktdqzy/Build/Intermediates.noindex/HiraganaMatchingGame.build/Debug-iphonesimulator/HiraganaMatchingGame.build/empty-HiraganaMatchingGame.plist (in target 'HiraganaMatchingGame' from project 'HiraganaMatchingGame')
    cd /Users/shinya/workspace/claude/HiraganaMatchingGame/app
    builtin-infoPlistUtility /Users/shinya/Library/Developer/Xcode/DerivedData/HiraganaMatchingGame-eunlxllhqpjhuxgjuqzguzktdqzy/Build/Intermediates.noindex/HiraganaMatchingGame.build/Debug-iphonesimulator/HiraganaMatchingGame.build/empty-HiraganaMatchingGame.plist -producttype com.apple.product-type.application -genpkginfo /Users/shinya/Library/Developer/Xcode/DerivedData/HiraganaMatchingGame-eunlxllhqpjhuxgjuqzguzktdqzy/Build/Products/Debug-iphonesimulator/HiraganaMatchingGame.app/PkgInfo -expandbuildsettings -format binary -platform iphonesimulator -additionalcontentfile /Users/shinya/Library/Developer/Xcode/DerivedData/HiraganaMatchingGame-eunlxllhqpjhuxgjuqzguzktdqzy/Build/Intermediates.noindex/HiraganaMatchingGame.build/Debug-iphonesimulator/HiraganaMatchingGame.build/assetcatalog_generated_info.plist -o /Users/shinya/Library/Developer/Xcode/DerivedData/HiraganaMatchingGame-eunlxllhqpjhuxgjuqzguzktdqzy/Build/Products/Debug-iphonesimulator/HiraganaMatchingGame.app/Info.plist

SwiftDriver\ Compilation\ Requirements HiraganaMatchingGame normal arm64 com.apple.xcode.tools.swift.compiler (in target 'HiraganaMatchingGame' from project 'HiraganaMatchingGame')
    cd /Users/shinya/workspace/claude/HiraganaMatchingGame/app
    builtin-Swift-Compilation-Requirements -- /Applications/Xcode.app/Contents/Developer/Toolchains/XcodeDefault.xctoolchain/usr/bin/swiftc -module-name HiraganaMatchingGame -Onone -enforce-exclusivity\=checked @/Users/shinya/Library/Developer/Xcode/DerivedData/HiraganaMatchingGame-eunlxllhqpjhuxgjuqzguzktdqzy/Build/Intermediates.noindex/HiraganaMatchingGame.build/Debug-iphonesimulator/HiraganaMatchingGame.build/Objects-normal/arm64/HiraganaMatchingGame.SwiftFileList -DDEBUG -enable-bare-slash-regex -enable-experimental-feature DebugDescriptionMacro -sdk /Applications/Xcode.app/Contents/Developer/Platforms/iPhoneSimulator.platform/Developer/SDKs/iPhoneSimulator18.5.sdk -target arm64-apple-ios18.5-simulator -g -module-cache-path /Users/shinya/Library/Developer/Xcode/DerivedData/ModuleCache.noindex -Xfrontend -serialize-debugging-options -profile-coverage-mapping -profile-generate -enable-testing -index-store-path /Users/shinya/Library/Developer/Xcode/DerivedData/HiraganaMatchingGame-eunlxllhqpjhuxgjuqzguzktdqzy/Index.noindex/DataStore -swift-version 5 -I /Users/shinya/Library/Developer/Xcode/DerivedData/HiraganaMatchingGame-eunlxllhqpjhuxgjuqzguzktdqzy/Build/Products/Debug-iphonesimulator -F /Users/shinya/Library/Developer/Xcode/DerivedData/HiraganaMatchingGame-eunlxllhqpjhuxgjuqzguzktdqzy/Build/Products/Debug-iphonesimulator -emit-localized-strings -emit-localized-strings-path /Users/shinya/Library/Developer/Xcode/DerivedData/HiraganaMatchingGame-eunlxllhqpjhuxgjuqzguzktdqzy/Build/Intermediates.noindex/HiraganaMatchingGame.build/Debug-iphonesimulator/HiraganaMatchingGame.build/Objects-normal/arm64 -c -j8 -enable-batch-mode -incremental -Xcc -ivfsstatcache -Xcc /Users/shinya/Library/Developer/Xcode/DerivedData/SDKStatCaches.noindex/iphonesimulator18.5-22F76-d5fc8ad4295d2ef488fb7d0f804ce0c4.sdkstatcache -output-file-map /Users/shinya/Library/Developer/Xcode/DerivedData/HiraganaMatchingGame-eunlxllhqpjhuxgjuqzguzktdqzy/Build/Intermediates.noindex/HiraganaMatchingGame.build/Debug-iphonesimulator/HiraganaMatchingGame.build/Objects-normal/arm64/HiraganaMatchingGame-OutputFileMap.json -use-frontend-parseable-output -save-temps -no-color-diagnostics -serialize-diagnostics -emit-dependencies -emit-module -emit-module-path /Users/shinya/Library/Developer/Xcode/DerivedData/HiraganaMatchingGame-eunlxllhqpjhuxgjuqzguzktdqzy/Build/Intermediates.noindex/HiraganaMatchingGame.build/Debug-iphonesimulator/HiraganaMatchingGame.build/Objects-normal/arm64/HiraganaMatchingGame.swiftmodule -validate-clang-modules-once -clang-build-session-file /Users/shinya/Library/Developer/Xcode/DerivedData/ModuleCache.noindex/Session.modulevalidation -Xcc -I/Users/shinya/Library/Developer/Xcode/DerivedData/HiraganaMatchingGame-eunlxllhqpjhuxgjuqzguzktdqzy/Build/Intermediates.noindex/HiraganaMatchingGame.build/Debug-iphonesimulator/HiraganaMatchingGame.build/swift-overrides.hmap -emit-const-values -Xfrontend -const-gather-protocols-file -Xfrontend /Users/shinya/Library/Developer/Xcode/DerivedData/HiraganaMatchingGame-eunlxllhqpjhuxgjuqzguzktdqzy/Build/Intermediates.noindex/HiraganaMatchingGame.build/Debug-iphonesimulator/HiraganaMatchingGame.build/Objects-normal/arm64/HiraganaMatchingGame_const_extract_protocols.json -Xcc -iquote -Xcc /Users/shinya/Library/Developer/Xcode/DerivedData/HiraganaMatchingGame-eunlxllhqpjhuxgjuqzguzktdqzy/Build/Intermediates.noindex/HiraganaMatchingGame.build/Debug-iphonesimulator/HiraganaMatchingGame.build/HiraganaMatchingGame-generated-files.hmap -Xcc -I/Users/shinya/Library/Developer/Xcode/DerivedData/HiraganaMatchingGame-eunlxllhqpjhuxgjuqzguzktdqzy/Build/Intermediates.noindex/HiraganaMatchingGame.build/Debug-iphonesimulator/HiraganaMatchingGame.build/HiraganaMatchingGame-own-target-headers.hmap -Xcc -I/Users/shinya/Library/Developer/Xcode/DerivedData/HiraganaMatchingGame-eunlxllhqpjhuxgjuqzguzktdqzy/Build/Intermediates.noindex/HiraganaMatchingGame.build/Debug-iphonesimulator/HiraganaMatchingGame.build/HiraganaMatchingGame-all-target-headers.hmap -Xcc -iquote -Xcc /Users/shinya/Library/Developer/Xcode/DerivedData/HiraganaMatchingGame-eunlxllhqpjhuxgjuqzguzktdqzy/Build/Intermediates.noindex/HiraganaMatchingGame.build/Debug-iphonesimulator/HiraganaMatchingGame.build/HiraganaMatchingGame-project-headers.hmap -Xcc -I/Users/shinya/Library/Developer/Xcode/DerivedData/HiraganaMatchingGame-eunlxllhqpjhuxgjuqzguzktdqzy/Build/Products/Debug-iphonesimulator/include -Xcc -I/Users/shinya/Library/Developer/Xcode/DerivedData/HiraganaMatchingGame-eunlxllhqpjhuxgjuqzguzktdqzy/Build/Intermediates.noindex/HiraganaMatchingGame.build/Debug-iphonesimulator/HiraganaMatchingGame.build/DerivedSources-normal/arm64 -Xcc -I/Users/shinya/Library/Developer/Xcode/DerivedData/HiraganaMatchingGame-eunlxllhqpjhuxgjuqzguzktdqzy/Build/Intermediates.noindex/HiraganaMatchingGame.build/Debug-iphonesimulator/HiraganaMatchingGame.build/DerivedSources/arm64 -Xcc -I/Users/shinya/Library/Developer/Xcode/DerivedData/HiraganaMatchingGame-eunlxllhqpjhuxgjuqzguzktdqzy/Build/Intermediates.noindex/HiraganaMatchingGame.build/Debug-iphonesimulator/HiraganaMatchingGame.build/DerivedSources -Xcc -DDEBUG\=1 -emit-objc-header -emit-objc-header-path /Users/shinya/Library/Developer/Xcode/DerivedData/HiraganaMatchingGame-eunlxllhqpjhuxgjuqzguzktdqzy/Build/Intermediates.noindex/HiraganaMatchingGame.build/Debug-iphonesimulator/HiraganaMatchingGame.build/Objects-normal/arm64/HiraganaMatchingGame-Swift.h -working-directory /Users/shinya/workspace/claude/HiraganaMatchingGame/app -experimental-emit-module-separately -disable-cmo

SwiftDriver\ Compilation HiraganaMatchingGame normal arm64 com.apple.xcode.tools.swift.compiler (in target 'HiraganaMatchingGame' from project 'HiraganaMatchingGame')
    cd /Users/shinya/workspace/claude/HiraganaMatchingGame/app
    builtin-Swift-Compilation -- /Applications/Xcode.app/Contents/Developer/Toolchains/XcodeDefault.xctoolchain/usr/bin/swiftc -module-name HiraganaMatchingGame -Onone -enforce-exclusivity\=checked @/Users/shinya/Library/Developer/Xcode/DerivedData/HiraganaMatchingGame-eunlxllhqpjhuxgjuqzguzktdqzy/Build/Intermediates.noindex/HiraganaMatchingGame.build/Debug-iphonesimulator/HiraganaMatchingGame.build/Objects-normal/arm64/HiraganaMatchingGame.SwiftFileList -DDEBUG -enable-bare-slash-regex -enable-experimental-feature DebugDescriptionMacro -sdk /Applications/Xcode.app/Contents/Developer/Platforms/iPhoneSimulator.platform/Developer/SDKs/iPhoneSimulator18.5.sdk -target arm64-apple-ios18.5-simulator -g -module-cache-path /Users/shinya/Library/Developer/Xcode/DerivedData/ModuleCache.noindex -Xfrontend -serialize-debugging-options -profile-coverage-mapping -profile-generate -enable-testing -index-store-path /Users/shinya/Library/Developer/Xcode/DerivedData/HiraganaMatchingGame-eunlxllhqpjhuxgjuqzguzktdqzy/Index.noindex/DataStore -swift-version 5 -I /Users/shinya/Library/Developer/Xcode/DerivedData/HiraganaMatchingGame-eunlxllhqpjhuxgjuqzguzktdqzy/Build/Products/Debug-iphonesimulator -F /Users/shinya/Library/Developer/Xcode/DerivedData/HiraganaMatchingGame-eunlxllhqpjhuxgjuqzguzktdqzy/Build/Products/Debug-iphonesimulator -emit-localized-strings -emit-localized-strings-path /Users/shinya/Library/Developer/Xcode/DerivedData/HiraganaMatchingGame-eunlxllhqpjhuxgjuqzguzktdqzy/Build/Intermediates.noindex/HiraganaMatchingGame.build/Debug-iphonesimulator/HiraganaMatchingGame.build/Objects-normal/arm64 -c -j8 -enable-batch-mode -incremental -Xcc -ivfsstatcache -Xcc /Users/shinya/Library/Developer/Xcode/DerivedData/SDKStatCaches.noindex/iphonesimulator18.5-22F76-d5fc8ad4295d2ef488fb7d0f804ce0c4.sdkstatcache -output-file-map /Users/shinya/Library/Developer/Xcode/DerivedData/HiraganaMatchingGame-eunlxllhqpjhuxgjuqzguzktdqzy/Build/Intermediates.noindex/HiraganaMatchingGame.build/Debug-iphonesimulator/HiraganaMatchingGame.build/Objects-normal/arm64/HiraganaMatchingGame-OutputFileMap.json -use-frontend-parseable-output -save-temps -no-color-diagnostics -serialize-diagnostics -emit-dependencies -emit-module -emit-module-path /Users/shinya/Library/Developer/Xcode/DerivedData/HiraganaMatchingGame-eunlxllhqpjhuxgjuqzguzktdqzy/Build/Intermediates.noindex/HiraganaMatchingGame.build/Debug-iphonesimulator/HiraganaMatchingGame.build/Objects-normal/arm64/HiraganaMatchingGame.swiftmodule -validate-clang-modules-once -clang-build-session-file /Users/shinya/Library/Developer/Xcode/DerivedData/ModuleCache.noindex/Session.modulevalidation -Xcc -I/Users/shinya/Library/Developer/Xcode/DerivedData/HiraganaMatchingGame-eunlxllhqpjhuxgjuqzguzktdqzy/Build/Intermediates.noindex/HiraganaMatchingGame.build/Debug-iphonesimulator/HiraganaMatchingGame.build/swift-overrides.hmap -emit-const-values -Xfrontend -const-gather-protocols-file -Xfrontend /Users/shinya/Library/Developer/Xcode/DerivedData/HiraganaMatchingGame-eunlxllhqpjhuxgjuqzguzktdqzy/Build/Intermediates.noindex/HiraganaMatchingGame.build/Debug-iphonesimulator/HiraganaMatchingGame.build/Objects-normal/arm64/HiraganaMatchingGame_const_extract_protocols.json -Xcc -iquote -Xcc /Users/shinya/Library/Developer/Xcode/DerivedData/HiraganaMatchingGame-eunlxllhqpjhuxgjuqzguzktdqzy/Build/Intermediates.noindex/HiraganaMatchingGame.build/Debug-iphonesimulator/HiraganaMatchingGame.build/HiraganaMatchingGame-generated-files.hmap -Xcc -I/Users/shinya/Library/Developer/Xcode/DerivedData/HiraganaMatchingGame-eunlxllhqpjhuxgjuqzguzktdqzy/Build/Intermediates.noindex/HiraganaMatchingGame.build/Debug-iphonesimulator/HiraganaMatchingGame.build/HiraganaMatchingGame-own-target-headers.hmap -Xcc -I/Users/shinya/Library/Developer/Xcode/DerivedData/HiraganaMatchingGame-eunlxllhqpjhuxgjuqzguzktdqzy/Build/Intermediates.noindex/HiraganaMatchingGame.build/Debug-iphonesimulator/HiraganaMatchingGame.build/HiraganaMatchingGame-all-target-headers.hmap -Xcc -iquote -Xcc /Users/shinya/Library/Developer/Xcode/DerivedData/HiraganaMatchingGame-eunlxllhqpjhuxgjuqzguzktdqzy/Build/Intermediates.noindex/HiraganaMatchingGame.build/Debug-iphonesimulator/HiraganaMatchingGame.build/HiraganaMatchingGame-project-headers.hmap -Xcc -I/Users/shinya/Library/Developer/Xcode/DerivedData/HiraganaMatchingGame-eunlxllhqpjhuxgjuqzguzktdqzy/Build/Products/Debug-iphonesimulator/include -Xcc -I/Users/shinya/Library/Developer/Xcode/DerivedData/HiraganaMatchingGame-eunlxllhqpjhuxgjuqzguzktdqzy/Build/Intermediates.noindex/HiraganaMatchingGame.build/Debug-iphonesimulator/HiraganaMatchingGame.build/DerivedSources-normal/arm64 -Xcc -I/Users/shinya/Library/Developer/Xcode/DerivedData/HiraganaMatchingGame-eunlxllhqpjhuxgjuqzguzktdqzy/Build/Intermediates.noindex/HiraganaMatchingGame.build/Debug-iphonesimulator/HiraganaMatchingGame.build/DerivedSources/arm64 -Xcc -I/Users/shinya/Library/Developer/Xcode/DerivedData/HiraganaMatchingGame-eunlxllhqpjhuxgjuqzguzktdqzy/Build/Intermediates.noindex/HiraganaMatchingGame.build/Debug-iphonesimulator/HiraganaMatchingGame.build/DerivedSources -Xcc -DDEBUG\=1 -emit-objc-header -emit-objc-header-path /Users/shinya/Library/Developer/Xcode/DerivedData/HiraganaMatchingGame-eunlxllhqpjhuxgjuqzguzktdqzy/Build/Intermediates.noindex/HiraganaMatchingGame.build/Debug-iphonesimulator/HiraganaMatchingGame.build/Objects-normal/arm64/HiraganaMatchingGame-Swift.h -working-directory /Users/shinya/workspace/claude/HiraganaMatchingGame/app -experimental-emit-module-separately -disable-cmo

ProcessProductPackaging "" /Users/shinya/Library/Developer/Xcode/DerivedData/HiraganaMatchingGame-eunlxllhqpjhuxgjuqzguzktdqzy/Build/Intermediates.noindex/HiraganaMatchingGame.build/Debug-iphonesimulator/HiraganaMatchingGameUITests.build/HiraganaMatchingGameUITests.xctest-Simulated.xcent (in target 'HiraganaMatchingGameUITests' from project 'HiraganaMatchingGame')
    cd /Users/shinya/workspace/claude/HiraganaMatchingGame/app
    
    Entitlements:
    
    {
    "application-identifier" = "UUD4WPFJTD.com.asapapalab.HiraganaMatchingGameUITests.xctrunner";
    "keychain-access-groups" =     (
        "UUD4WPFJTD.com.asapapalab.HiraganaMatchingGameUITests.xctrunner"
    );
}
    
    builtin-productPackagingUtility -entitlements -format xml -o /Users/shinya/Library/Developer/Xcode/DerivedData/HiraganaMatchingGame-eunlxllhqpjhuxgjuqzguzktdqzy/Build/Intermediates.noindex/HiraganaMatchingGame.build/Debug-iphonesimulator/HiraganaMatchingGameUITests.build/HiraganaMatchingGameUITests.xctest-Simulated.xcent

SwiftDriver HiraganaMatchingGameTests normal arm64 com.apple.xcode.tools.swift.compiler (in target 'HiraganaMatchingGameTests' from project 'HiraganaMatchingGame')
    cd /Users/shinya/workspace/claude/HiraganaMatchingGame/app
    builtin-SwiftDriver -- /Applications/Xcode.app/Contents/Developer/Toolchains/XcodeDefault.xctoolchain/usr/bin/swiftc -module-name HiraganaMatchingGameTests -Onone -enforce-exclusivity\=checked @/Users/shinya/Library/Developer/Xcode/DerivedData/HiraganaMatchingGame-eunlxllhqpjhuxgjuqzguzktdqzy/Build/Intermediates.noindex/HiraganaMatchingGame.build/Debug-iphonesimulator/HiraganaMatchingGameTests.build/Objects-normal/arm64/HiraganaMatchingGameTests.SwiftFileList -DDEBUG -plugin-path /Applications/Xcode.app/Contents/Developer/Toolchains/XcodeDefault.xctoolchain/usr/lib/swift/host/plugins/testing -enable-bare-slash-regex -enable-experimental-feature DebugDescriptionMacro -sdk /Applications/Xcode.app/Contents/Developer/Platforms/iPhoneSimulator.platform/Developer/SDKs/iPhoneSimulator18.5.sdk -target arm64-apple-ios18.5-simulator -g -module-cache-path /Users/shinya/Library/Developer/Xcode/DerivedData/ModuleCache.noindex -Xfrontend -serialize-debugging-options -profile-coverage-mapping -profile-generate -enable-testing -index-store-path /Users/shinya/Library/Developer/Xcode/DerivedData/HiraganaMatchingGame-eunlxllhqpjhuxgjuqzguzktdqzy/Index.noindex/DataStore -swift-version 5 -I /Users/shinya/Library/Developer/Xcode/DerivedData/HiraganaMatchingGame-eunlxllhqpjhuxgjuqzguzktdqzy/Build/Products/Debug-iphonesimulator -I /Applications/Xcode.app/Contents/Developer/Platforms/iPhoneSimulator.platform/Developer/usr/lib -F /Users/shinya/Library/Developer/Xcode/DerivedData/HiraganaMatchingGame-eunlxllhqpjhuxgjuqzguzktdqzy/Build/Products/Debug-iphonesimulator -F /Applications/Xcode.app/Contents/Developer/Platforms/iPhoneSimulator.platform/Developer/Library/Frameworks -F /Applications/Xcode.app/Contents/Developer/Platforms/iPhoneSimulator.platform/Developer/SDKs/iPhoneSimulator18.5.sdk/Developer/Library/Frameworks -c -j8 -enable-batch-mode -incremental -Xcc -ivfsstatcache -Xcc /Users/shinya/Library/Developer/Xcode/DerivedData/SDKStatCaches.noindex/iphonesimulator18.5-22F76-d5fc8ad4295d2ef488fb7d0f804ce0c4.sdkstatcache -output-file-map /Users/shinya/Library/Developer/Xcode/DerivedData/HiraganaMatchingGame-eunlxllhqpjhuxgjuqzguzktdqzy/Build/Intermediates.noindex/HiraganaMatchingGame.build/Debug-iphonesimulator/HiraganaMatchingGameTests.build/Objects-normal/arm64/HiraganaMatchingGameTests-OutputFileMap.json -use-frontend-parseable-output -save-temps -no-color-diagnostics -serialize-diagnostics -emit-dependencies -emit-module -emit-module-path /Users/shinya/Library/Developer/Xcode/DerivedData/HiraganaMatchingGame-eunlxllhqpjhuxgjuqzguzktdqzy/Build/Intermediates.noindex/HiraganaMatchingGame.build/Debug-iphonesimulator/HiraganaMatchingGameTests.build/Objects-normal/arm64/HiraganaMatchingGameTests.swiftmodule -validate-clang-modules-once -clang-build-session-file /Users/shinya/Library/Developer/Xcode/DerivedData/ModuleCache.noindex/Session.modulevalidation -Xcc -I/Users/shinya/Library/Developer/Xcode/DerivedData/HiraganaMatchingGame-eunlxllhqpjhuxgjuqzguzktdqzy/Build/Intermediates.noindex/HiraganaMatchingGame.build/Debug-iphonesimulator/HiraganaMatchingGameTests.build/swift-overrides.hmap -emit-const-values -Xfrontend -const-gather-protocols-file -Xfrontend /Users/shinya/Library/Developer/Xcode/DerivedData/HiraganaMatchingGame-eunlxllhqpjhuxgjuqzguzktdqzy/Build/Intermediates.noindex/HiraganaMatchingGame.build/Debug-iphonesimulator/HiraganaMatchingGameTests.build/Objects-normal/arm64/HiraganaMatchingGameTests_const_extract_protocols.json -Xcc -iquote -Xcc /Users/shinya/Library/Developer/Xcode/DerivedData/HiraganaMatchingGame-eunlxllhqpjhuxgjuqzguzktdqzy/Build/Intermediates.noindex/HiraganaMatchingGame.build/Debug-iphonesimulator/HiraganaMatchingGameTests.build/HiraganaMatchingGameTests-generated-files.hmap -Xcc -I/Users/shinya/Library/Developer/Xcode/DerivedData/HiraganaMatchingGame-eunlxllhqpjhuxgjuqzguzktdqzy/Build/Intermediates.noindex/HiraganaMatchingGame.build/Debug-iphonesimulator/HiraganaMatchingGameTests.build/HiraganaMatchingGameTests-own-target-headers.hmap -Xcc -I/Users/shinya/Library/Developer/Xcode/DerivedData/HiraganaMatchingGame-eunlxllhqpjhuxgjuqzguzktdqzy/Build/Intermediates.noindex/HiraganaMatchingGame.build/Debug-iphonesimulator/HiraganaMatchingGameTests.build/HiraganaMatchingGameTests-all-target-headers.hmap -Xcc -iquote -Xcc /Users/shinya/Library/Developer/Xcode/DerivedData/HiraganaMatchingGame-eunlxllhqpjhuxgjuqzguzktdqzy/Build/Intermediates.noindex/HiraganaMatchingGame.build/Debug-iphonesimulator/HiraganaMatchingGameTests.build/HiraganaMatchingGameTests-project-headers.hmap -Xcc -I/Users/shinya/Library/Developer/Xcode/DerivedData/HiraganaMatchingGame-eunlxllhqpjhuxgjuqzguzktdqzy/Build/Products/Debug-iphonesimulator/include -Xcc -I/Users/shinya/Library/Developer/Xcode/DerivedData/HiraganaMatchingGame-eunlxllhqpjhuxgjuqzguzktdqzy/Build/Intermediates.noindex/HiraganaMatchingGame.build/Debug-iphonesimulator/HiraganaMatchingGameTests.build/DerivedSources-normal/arm64 -Xcc -I/Users/shinya/Library/Developer/Xcode/DerivedData/HiraganaMatchingGame-eunlxllhqpjhuxgjuqzguzktdqzy/Build/Intermediates.noindex/HiraganaMatchingGame.build/Debug-iphonesimulator/HiraganaMatchingGameTests.build/DerivedSources/arm64 -Xcc -I/Users/shinya/Library/Developer/Xcode/DerivedData/HiraganaMatchingGame-eunlxllhqpjhuxgjuqzguzktdqzy/Build/Intermediates.noindex/HiraganaMatchingGame.build/Debug-iphonesimulator/HiraganaMatchingGameTests.build/DerivedSources -Xcc -DDEBUG\=1 -emit-objc-header -emit-objc-header-path /Users/shinya/Library/Developer/Xcode/DerivedData/HiraganaMatchingGame-eunlxllhqpjhuxgjuqzguzktdqzy/Build/Intermediates.noindex/HiraganaMatchingGame.build/Debug-iphonesimulator/HiraganaMatchingGameTests.build/Objects-normal/arm64/HiraganaMatchingGameTests-Swift.h -working-directory /Users/shinya/workspace/claude/HiraganaMatchingGame/app -experimental-emit-module-separately -disable-cmo

Ld /Users/shinya/Library/Developer/Xcode/DerivedData/HiraganaMatchingGame-eunlxllhqpjhuxgjuqzguzktdqzy/Build/Products/Debug-iphonesimulator/HiraganaMatchingGame.app/HiraganaMatchingGame.debug.dylib normal (in target 'HiraganaMatchingGame' from project 'HiraganaMatchingGame')
    cd /Users/shinya/workspace/claude/HiraganaMatchingGame/app
    /Applications/Xcode.app/Contents/Developer/Toolchains/XcodeDefault.xctoolchain/usr/bin/clang -Xlinker -reproducible -target arm64-apple-ios18.5-simulator -dynamiclib -isysroot /Applications/Xcode.app/Contents/Developer/Platforms/iPhoneSimulator.platform/Developer/SDKs/iPhoneSimulator18.5.sdk -O0 -L/Users/shinya/Library/Developer/Xcode/DerivedData/HiraganaMatchingGame-eunlxllhqpjhuxgjuqzguzktdqzy/Build/Intermediates.noindex/EagerLinkingTBDs/Debug-iphonesimulator -L/Users/shinya/Library/Developer/Xcode/DerivedData/HiraganaMatchingGame-eunlxllhqpjhuxgjuqzguzktdqzy/Build/Products/Debug-iphonesimulator -F/Users/shinya/Library/Developer/Xcode/DerivedData/HiraganaMatchingGame-eunlxllhqpjhuxgjuqzguzktdqzy/Build/Intermediates.noindex/EagerLinkingTBDs/Debug-iphonesimulator -F/Users/shinya/Library/Developer/Xcode/DerivedData/HiraganaMatchingGame-eunlxllhqpjhuxgjuqzguzktdqzy/Build/Products/Debug-iphonesimulator -filelist /Users/shinya/Library/Developer/Xcode/DerivedData/HiraganaMatchingGame-eunlxllhqpjhuxgjuqzguzktdqzy/Build/Intermediates.noindex/HiraganaMatchingGame.build/Debug-iphonesimulator/HiraganaMatchingGame.build/Objects-normal/arm64/HiraganaMatchingGame.LinkFileList -install_name @rpath/HiraganaMatchingGame.debug.dylib -Xlinker -rpath -Xlinker @executable_path/Frameworks -dead_strip -Xlinker -object_path_lto -Xlinker /Users/shinya/Library/Developer/Xcode/DerivedData/HiraganaMatchingGame-eunlxllhqpjhuxgjuqzguzktdqzy/Build/Intermediates.noindex/HiraganaMatchingGame.build/Debug-iphonesimulator/HiraganaMatchingGame.build/Objects-normal/arm64/HiraganaMatchingGame_lto.o -rdynamic -Xlinker -no_deduplicate -Xlinker -objc_abi_version -Xlinker 2 -Xlinker -debug_variant -Xlinker -dependency_info -Xlinker /Users/shinya/Library/Developer/Xcode/DerivedData/HiraganaMatchingGame-eunlxllhqpjhuxgjuqzguzktdqzy/Build/Intermediates.noindex/HiraganaMatchingGame.build/Debug-iphonesimulator/HiraganaMatchingGame.build/Objects-normal/arm64/HiraganaMatchingGame_dependency_info.dat -fobjc-link-runtime -fprofile-instr-generate -L/Applications/Xcode.app/Contents/Developer/Toolchains/XcodeDefault.xctoolchain/usr/lib/swift/iphonesimulator -L/usr/lib/swift -Xlinker -add_ast_path -Xlinker /Users/shinya/Library/Developer/Xcode/DerivedData/HiraganaMatchingGame-eunlxllhqpjhuxgjuqzguzktdqzy/Build/Intermediates.noindex/HiraganaMatchingGame.build/Debug-iphonesimulator/HiraganaMatchingGame.build/Objects-normal/arm64/HiraganaMatchingGame.swiftmodule -Xlinker -alias -Xlinker _main -Xlinker ___debug_main_executable_dylib_entry_point -Xlinker -no_adhoc_codesign -o /Users/shinya/Library/Developer/Xcode/DerivedData/HiraganaMatchingGame-eunlxllhqpjhuxgjuqzguzktdqzy/Build/Products/Debug-iphonesimulator/HiraganaMatchingGame.app/HiraganaMatchingGame.debug.dylib

ProcessProductPackagingDER /Users/shinya/Library/Developer/Xcode/DerivedData/HiraganaMatchingGame-eunlxllhqpjhuxgjuqzguzktdqzy/Build/Intermediates.noindex/HiraganaMatchingGame.build/Debug-iphonesimulator/HiraganaMatchingGameUITests.build/HiraganaMatchingGameUITests.xctest-Simulated.xcent /Users/shinya/Library/Developer/Xcode/DerivedData/HiraganaMatchingGame-eunlxllhqpjhuxgjuqzguzktdqzy/Build/Intermediates.noindex/HiraganaMatchingGame.build/Debug-iphonesimulator/HiraganaMatchingGameUITests.build/HiraganaMatchingGameUITests.xctest-Simulated.xcent.der (in target 'HiraganaMatchingGameUITests' from project 'HiraganaMatchingGame')
    cd /Users/shinya/workspace/claude/HiraganaMatchingGame/app
    /usr/bin/derq query -f xml -i /Users/shinya/Library/Developer/Xcode/DerivedData/HiraganaMatchingGame-eunlxllhqpjhuxgjuqzguzktdqzy/Build/Intermediates.noindex/HiraganaMatchingGame.build/Debug-iphonesimulator/HiraganaMatchingGameUITests.build/HiraganaMatchingGameUITests.xctest-Simulated.xcent -o /Users/shinya/Library/Developer/Xcode/DerivedData/HiraganaMatchingGame-eunlxllhqpjhuxgjuqzguzktdqzy/Build/Intermediates.noindex/HiraganaMatchingGame.build/Debug-iphonesimulator/HiraganaMatchingGameUITests.build/HiraganaMatchingGameUITests.xctest-Simulated.xcent.der --raw

SwiftDriver HiraganaMatchingGameUITests normal arm64 com.apple.xcode.tools.swift.compiler (in target 'HiraganaMatchingGameUITests' from project 'HiraganaMatchingGame')
    cd /Users/shinya/workspace/claude/HiraganaMatchingGame/app
    builtin-SwiftDriver -- /Applications/Xcode.app/Contents/Developer/Toolchains/XcodeDefault.xctoolchain/usr/bin/swiftc -module-name HiraganaMatchingGameUITests -Onone -enforce-exclusivity\=checked @/Users/shinya/Library/Developer/Xcode/DerivedData/HiraganaMatchingGame-eunlxllhqpjhuxgjuqzguzktdqzy/Build/Intermediates.noindex/HiraganaMatchingGame.build/Debug-iphonesimulator/HiraganaMatchingGameUITests.build/Objects-normal/arm64/HiraganaMatchingGameUITests.SwiftFileList -DDEBUG -module-alias Testing\=_Testing_Unavailable -plugin-path /Applications/Xcode.app/Contents/Developer/Toolchains/XcodeDefault.xctoolchain/usr/lib/swift/host/plugins/testing -enable-bare-slash-regex -enable-experimental-feature DebugDescriptionMacro -sdk /Applications/Xcode.app/Contents/Developer/Platforms/iPhoneSimulator.platform/Developer/SDKs/iPhoneSimulator18.5.sdk -target arm64-apple-ios18.5-simulator -g -module-cache-path /Users/shinya/Library/Developer/Xcode/DerivedData/ModuleCache.noindex -Xfrontend -serialize-debugging-options -profile-coverage-mapping -profile-generate -enable-testing -index-store-path /Users/shinya/Library/Developer/Xcode/DerivedData/HiraganaMatchingGame-eunlxllhqpjhuxgjuqzguzktdqzy/Index.noindex/DataStore -swift-version 5 -I /Users/shinya/Library/Developer/Xcode/DerivedData/HiraganaMatchingGame-eunlxllhqpjhuxgjuqzguzktdqzy/Build/Products/Debug-iphonesimulator -I /Applications/Xcode.app/Contents/Developer/Platforms/iPhoneSimulator.platform/Developer/usr/lib -F /Users/shinya/Library/Developer/Xcode/DerivedData/HiraganaMatchingGame-eunlxllhqpjhuxgjuqzguzktdqzy/Build/Products/Debug-iphonesimulator -F /Applications/Xcode.app/Contents/Developer/Platforms/iPhoneSimulator.platform/Developer/Library/Frameworks -F /Applications/Xcode.app/Contents/Developer/Platforms/iPhoneSimulator.platform/Developer/SDKs/iPhoneSimulator18.5.sdk/Developer/Library/Frameworks -c -j8 -enable-batch-mode -incremental -Xcc -ivfsstatcache -Xcc /Users/shinya/Library/Developer/Xcode/DerivedData/SDKStatCaches.noindex/iphonesimulator18.5-22F76-d5fc8ad4295d2ef488fb7d0f804ce0c4.sdkstatcache -output-file-map /Users/shinya/Library/Developer/Xcode/DerivedData/HiraganaMatchingGame-eunlxllhqpjhuxgjuqzguzktdqzy/Build/Intermediates.noindex/HiraganaMatchingGame.build/Debug-iphonesimulator/HiraganaMatchingGameUITests.build/Objects-normal/arm64/HiraganaMatchingGameUITests-OutputFileMap.json -use-frontend-parseable-output -save-temps -no-color-diagnostics -serialize-diagnostics -emit-dependencies -emit-module -emit-module-path /Users/shinya/Library/Developer/Xcode/DerivedData/HiraganaMatchingGame-eunlxllhqpjhuxgjuqzguzktdqzy/Build/Intermediates.noindex/HiraganaMatchingGame.build/Debug-iphonesimulator/HiraganaMatchingGameUITests.build/Objects-normal/arm64/HiraganaMatchingGameUITests.swiftmodule -validate-clang-modules-once -clang-build-session-file /Users/shinya/Library/Developer/Xcode/DerivedData/ModuleCache.noindex/Session.modulevalidation -Xcc -I/Users/shinya/Library/Developer/Xcode/DerivedData/HiraganaMatchingGame-eunlxllhqpjhuxgjuqzguzktdqzy/Build/Intermediates.noindex/HiraganaMatchingGame.build/Debug-iphonesimulator/HiraganaMatchingGameUITests.build/swift-overrides.hmap -emit-const-values -Xfrontend -const-gather-protocols-file -Xfrontend /Users/shinya/Library/Developer/Xcode/DerivedData/HiraganaMatchingGame-eunlxllhqpjhuxgjuqzguzktdqzy/Build/Intermediates.noindex/HiraganaMatchingGame.build/Debug-iphonesimulator/HiraganaMatchingGameUITests.build/Objects-normal/arm64/HiraganaMatchingGameUITests_const_extract_protocols.json -Xcc -iquote -Xcc /Users/shinya/Library/Developer/Xcode/DerivedData/HiraganaMatchingGame-eunlxllhqpjhuxgjuqzguzktdqzy/Build/Intermediates.noindex/HiraganaMatchingGame.build/Debug-iphonesimulator/HiraganaMatchingGameUITests.build/HiraganaMatchingGameUITests-generated-files.hmap -Xcc -I/Users/shinya/Library/Developer/Xcode/DerivedData/HiraganaMatchingGame-eunlxllhqpjhuxgjuqzguzktdqzy/Build/Intermediates.noindex/HiraganaMatchingGame.build/Debug-iphonesimulator/HiraganaMatchingGameUITests.build/HiraganaMatchingGameUITests-own-target-headers.hmap -Xcc -I/Users/shinya/Library/Developer/Xcode/DerivedData/HiraganaMatchingGame-eunlxllhqpjhuxgjuqzguzktdqzy/Build/Intermediates.noindex/HiraganaMatchingGame.build/Debug-iphonesimulator/HiraganaMatchingGameUITests.build/HiraganaMatchingGameUITests-all-target-headers.hmap -Xcc -iquote -Xcc /Users/shinya/Library/Developer/Xcode/DerivedData/HiraganaMatchingGame-eunlxllhqpjhuxgjuqzguzktdqzy/Build/Intermediates.noindex/HiraganaMatchingGame.build/Debug-iphonesimulator/HiraganaMatchingGameUITests.build/HiraganaMatchingGameUITests-project-headers.hmap -Xcc -I/Users/shinya/Library/Developer/Xcode/DerivedData/HiraganaMatchingGame-eunlxllhqpjhuxgjuqzguzktdqzy/Build/Products/Debug-iphonesimulator/include -Xcc -I/Users/shinya/Library/Developer/Xcode/DerivedData/HiraganaMatchingGame-eunlxllhqpjhuxgjuqzguzktdqzy/Build/Intermediates.noindex/HiraganaMatchingGame.build/Debug-iphonesimulator/HiraganaMatchingGameUITests.build/DerivedSources-normal/arm64 -Xcc -I/Users/shinya/Library/Developer/Xcode/DerivedData/HiraganaMatchingGame-eunlxllhqpjhuxgjuqzguzktdqzy/Build/Intermediates.noindex/HiraganaMatchingGame.build/Debug-iphonesimulator/HiraganaMatchingGameUITests.build/DerivedSources/arm64 -Xcc -I/Users/shinya/Library/Developer/Xcode/DerivedData/HiraganaMatchingGame-eunlxllhqpjhuxgjuqzguzktdqzy/Build/Intermediates.noindex/HiraganaMatchingGame.build/Debug-iphonesimulator/HiraganaMatchingGameUITests.build/DerivedSources -Xcc -DDEBUG\=1 -emit-objc-header -emit-objc-header-path /Users/shinya/Library/Developer/Xcode/DerivedData/HiraganaMatchingGame-eunlxllhqpjhuxgjuqzguzktdqzy/Build/Intermediates.noindex/HiraganaMatchingGame.build/Debug-iphonesimulator/HiraganaMatchingGameUITests.build/Objects-normal/arm64/HiraganaMatchingGameUITests-Swift.h -working-directory /Users/shinya/workspace/claude/HiraganaMatchingGame/app -experimental-emit-module-separately -disable-cmo

SwiftDriver\ Compilation HiraganaMatchingGameUITests normal arm64 com.apple.xcode.tools.swift.compiler (in target 'HiraganaMatchingGameUITests' from project 'HiraganaMatchingGame')
    cd /Users/shinya/workspace/claude/HiraganaMatchingGame/app
    builtin-Swift-Compilation -- /Applications/Xcode.app/Contents/Developer/Toolchains/XcodeDefault.xctoolchain/usr/bin/swiftc -module-name HiraganaMatchingGameUITests -Onone -enforce-exclusivity\=checked @/Users/shinya/Library/Developer/Xcode/DerivedData/HiraganaMatchingGame-eunlxllhqpjhuxgjuqzguzktdqzy/Build/Intermediates.noindex/HiraganaMatchingGame.build/Debug-iphonesimulator/HiraganaMatchingGameUITests.build/Objects-normal/arm64/HiraganaMatchingGameUITests.SwiftFileList -DDEBUG -module-alias Testing\=_Testing_Unavailable -plugin-path /Applications/Xcode.app/Contents/Developer/Toolchains/XcodeDefault.xctoolchain/usr/lib/swift/host/plugins/testing -enable-bare-slash-regex -enable-experimental-feature DebugDescriptionMacro -sdk /Applications/Xcode.app/Contents/Developer/Platforms/iPhoneSimulator.platform/Developer/SDKs/iPhoneSimulator18.5.sdk -target arm64-apple-ios18.5-simulator -g -module-cache-path /Users/shinya/Library/Developer/Xcode/DerivedData/ModuleCache.noindex -Xfrontend -serialize-debugging-options -profile-coverage-mapping -profile-generate -enable-testing -index-store-path /Users/shinya/Library/Developer/Xcode/DerivedData/HiraganaMatchingGame-eunlxllhqpjhuxgjuqzguzktdqzy/Index.noindex/DataStore -swift-version 5 -I /Users/shinya/Library/Developer/Xcode/DerivedData/HiraganaMatchingGame-eunlxllhqpjhuxgjuqzguzktdqzy/Build/Products/Debug-iphonesimulator -I /Applications/Xcode.app/Contents/Developer/Platforms/iPhoneSimulator.platform/Developer/usr/lib -F /Users/shinya/Library/Developer/Xcode/DerivedData/HiraganaMatchingGame-eunlxllhqpjhuxgjuqzguzktdqzy/Build/Products/Debug-iphonesimulator -F /Applications/Xcode.app/Contents/Developer/Platforms/iPhoneSimulator.platform/Developer/Library/Frameworks -F /Applications/Xcode.app/Contents/Developer/Platforms/iPhoneSimulator.platform/Developer/SDKs/iPhoneSimulator18.5.sdk/Developer/Library/Frameworks -c -j8 -enable-batch-mode -incremental -Xcc -ivfsstatcache -Xcc /Users/shinya/Library/Developer/Xcode/DerivedData/SDKStatCaches.noindex/iphonesimulator18.5-22F76-d5fc8ad4295d2ef488fb7d0f804ce0c4.sdkstatcache -output-file-map /Users/shinya/Library/Developer/Xcode/DerivedData/HiraganaMatchingGame-eunlxllhqpjhuxgjuqzguzktdqzy/Build/Intermediates.noindex/HiraganaMatchingGame.build/Debug-iphonesimulator/HiraganaMatchingGameUITests.build/Objects-normal/arm64/HiraganaMatchingGameUITests-OutputFileMap.json -use-frontend-parseable-output -save-temps -no-color-diagnostics -serialize-diagnostics -emit-dependencies -emit-module -emit-module-path /Users/shinya/Library/Developer/Xcode/DerivedData/HiraganaMatchingGame-eunlxllhqpjhuxgjuqzguzktdqzy/Build/Intermediates.noindex/HiraganaMatchingGame.build/Debug-iphonesimulator/HiraganaMatchingGameUITests.build/Objects-normal/arm64/HiraganaMatchingGameUITests.swiftmodule -validate-clang-modules-once -clang-build-session-file /Users/shinya/Library/Developer/Xcode/DerivedData/ModuleCache.noindex/Session.modulevalidation -Xcc -I/Users/shinya/Library/Developer/Xcode/DerivedData/HiraganaMatchingGame-eunlxllhqpjhuxgjuqzguzktdqzy/Build/Intermediates.noindex/HiraganaMatchingGame.build/Debug-iphonesimulator/HiraganaMatchingGameUITests.build/swift-overrides.hmap -emit-const-values -Xfrontend -const-gather-protocols-file -Xfrontend /Users/shinya/Library/Developer/Xcode/DerivedData/HiraganaMatchingGame-eunlxllhqpjhuxgjuqzguzktdqzy/Build/Intermediates.noindex/HiraganaMatchingGame.build/Debug-iphonesimulator/HiraganaMatchingGameUITests.build/Objects-normal/arm64/HiraganaMatchingGameUITests_const_extract_protocols.json -Xcc -iquote -Xcc /Users/shinya/Library/Developer/Xcode/DerivedData/HiraganaMatchingGame-eunlxllhqpjhuxgjuqzguzktdqzy/Build/Intermediates.noindex/HiraganaMatchingGame.build/Debug-iphonesimulator/HiraganaMatchingGameUITests.build/HiraganaMatchingGameUITests-generated-files.hmap -Xcc -I/Users/shinya/Library/Developer/Xcode/DerivedData/HiraganaMatchingGame-eunlxllhqpjhuxgjuqzguzktdqzy/Build/Intermediates.noindex/HiraganaMatchingGame.build/Debug-iphonesimulator/HiraganaMatchingGameUITests.build/HiraganaMatchingGameUITests-own-target-headers.hmap -Xcc -I/Users/shinya/Library/Developer/Xcode/DerivedData/HiraganaMatchingGame-eunlxllhqpjhuxgjuqzguzktdqzy/Build/Intermediates.noindex/HiraganaMatchingGame.build/Debug-iphonesimulator/HiraganaMatchingGameUITests.build/HiraganaMatchingGameUITests-all-target-headers.hmap -Xcc -iquote -Xcc /Users/shinya/Library/Developer/Xcode/DerivedData/HiraganaMatchingGame-eunlxllhqpjhuxgjuqzguzktdqzy/Build/Intermediates.noindex/HiraganaMatchingGame.build/Debug-iphonesimulator/HiraganaMatchingGameUITests.build/HiraganaMatchingGameUITests-project-headers.hmap -Xcc -I/Users/shinya/Library/Developer/Xcode/DerivedData/HiraganaMatchingGame-eunlxllhqpjhuxgjuqzguzktdqzy/Build/Products/Debug-iphonesimulator/include -Xcc -I/Users/shinya/Library/Developer/Xcode/DerivedData/HiraganaMatchingGame-eunlxllhqpjhuxgjuqzguzktdqzy/Build/Intermediates.noindex/HiraganaMatchingGame.build/Debug-iphonesimulator/HiraganaMatchingGameUITests.build/DerivedSources-normal/arm64 -Xcc -I/Users/shinya/Library/Developer/Xcode/DerivedData/HiraganaMatchingGame-eunlxllhqpjhuxgjuqzguzktdqzy/Build/Intermediates.noindex/HiraganaMatchingGame.build/Debug-iphonesimulator/HiraganaMatchingGameUITests.build/DerivedSources/arm64 -Xcc -I/Users/shinya/Library/Developer/Xcode/DerivedData/HiraganaMatchingGame-eunlxllhqpjhuxgjuqzguzktdqzy/Build/Intermediates.noindex/HiraganaMatchingGame.build/Debug-iphonesimulator/HiraganaMatchingGameUITests.build/DerivedSources -Xcc -DDEBUG\=1 -emit-objc-header -emit-objc-header-path /Users/shinya/Library/Developer/Xcode/DerivedData/HiraganaMatchingGame-eunlxllhqpjhuxgjuqzguzktdqzy/Build/Intermediates.noindex/HiraganaMatchingGame.build/Debug-iphonesimulator/HiraganaMatchingGameUITests.build/Objects-normal/arm64/HiraganaMatchingGameUITests-Swift.h -working-directory /Users/shinya/workspace/claude/HiraganaMatchingGame/app -experimental-emit-module-separately -disable-cmo

SwiftDriver\ Compilation\ Requirements HiraganaMatchingGameUITests normal arm64 com.apple.xcode.tools.swift.compiler (in target 'HiraganaMatchingGameUITests' from project 'HiraganaMatchingGame')
    cd /Users/shinya/workspace/claude/HiraganaMatchingGame/app
    builtin-Swift-Compilation-Requirements -- /Applications/Xcode.app/Contents/Developer/Toolchains/XcodeDefault.xctoolchain/usr/bin/swiftc -module-name HiraganaMatchingGameUITests -Onone -enforce-exclusivity\=checked @/Users/shinya/Library/Developer/Xcode/DerivedData/HiraganaMatchingGame-eunlxllhqpjhuxgjuqzguzktdqzy/Build/Intermediates.noindex/HiraganaMatchingGame.build/Debug-iphonesimulator/HiraganaMatchingGameUITests.build/Objects-normal/arm64/HiraganaMatchingGameUITests.SwiftFileList -DDEBUG -module-alias Testing\=_Testing_Unavailable -plugin-path /Applications/Xcode.app/Contents/Developer/Toolchains/XcodeDefault.xctoolchain/usr/lib/swift/host/plugins/testing -enable-bare-slash-regex -enable-experimental-feature DebugDescriptionMacro -sdk /Applications/Xcode.app/Contents/Developer/Platforms/iPhoneSimulator.platform/Developer/SDKs/iPhoneSimulator18.5.sdk -target arm64-apple-ios18.5-simulator -g -module-cache-path /Users/shinya/Library/Developer/Xcode/DerivedData/ModuleCache.noindex -Xfrontend -serialize-debugging-options -profile-coverage-mapping -profile-generate -enable-testing -index-store-path /Users/shinya/Library/Developer/Xcode/DerivedData/HiraganaMatchingGame-eunlxllhqpjhuxgjuqzguzktdqzy/Index.noindex/DataStore -swift-version 5 -I /Users/shinya/Library/Developer/Xcode/DerivedData/HiraganaMatchingGame-eunlxllhqpjhuxgjuqzguzktdqzy/Build/Products/Debug-iphonesimulator -I /Applications/Xcode.app/Contents/Developer/Platforms/iPhoneSimulator.platform/Developer/usr/lib -F /Users/shinya/Library/Developer/Xcode/DerivedData/HiraganaMatchingGame-eunlxllhqpjhuxgjuqzguzktdqzy/Build/Products/Debug-iphonesimulator -F /Applications/Xcode.app/Contents/Developer/Platforms/iPhoneSimulator.platform/Developer/Library/Frameworks -F /Applications/Xcode.app/Contents/Developer/Platforms/iPhoneSimulator.platform/Developer/SDKs/iPhoneSimulator18.5.sdk/Developer/Library/Frameworks -c -j8 -enable-batch-mode -incremental -Xcc -ivfsstatcache -Xcc /Users/shinya/Library/Developer/Xcode/DerivedData/SDKStatCaches.noindex/iphonesimulator18.5-22F76-d5fc8ad4295d2ef488fb7d0f804ce0c4.sdkstatcache -output-file-map /Users/shinya/Library/Developer/Xcode/DerivedData/HiraganaMatchingGame-eunlxllhqpjhuxgjuqzguzktdqzy/Build/Intermediates.noindex/HiraganaMatchingGame.build/Debug-iphonesimulator/HiraganaMatchingGameUITests.build/Objects-normal/arm64/HiraganaMatchingGameUITests-OutputFileMap.json -use-frontend-parseable-output -save-temps -no-color-diagnostics -serialize-diagnostics -emit-dependencies -emit-module -emit-module-path /Users/shinya/Library/Developer/Xcode/DerivedData/HiraganaMatchingGame-eunlxllhqpjhuxgjuqzguzktdqzy/Build/Intermediates.noindex/HiraganaMatchingGame.build/Debug-iphonesimulator/HiraganaMatchingGameUITests.build/Objects-normal/arm64/HiraganaMatchingGameUITests.swiftmodule -validate-clang-modules-once -clang-build-session-file /Users/shinya/Library/Developer/Xcode/DerivedData/ModuleCache.noindex/Session.modulevalidation -Xcc -I/Users/shinya/Library/Developer/Xcode/DerivedData/HiraganaMatchingGame-eunlxllhqpjhuxgjuqzguzktdqzy/Build/Intermediates.noindex/HiraganaMatchingGame.build/Debug-iphonesimulator/HiraganaMatchingGameUITests.build/swift-overrides.hmap -emit-const-values -Xfrontend -const-gather-protocols-file -Xfrontend /Users/shinya/Library/Developer/Xcode/DerivedData/HiraganaMatchingGame-eunlxllhqpjhuxgjuqzguzktdqzy/Build/Intermediates.noindex/HiraganaMatchingGame.build/Debug-iphonesimulator/HiraganaMatchingGameUITests.build/Objects-normal/arm64/HiraganaMatchingGameUITests_const_extract_protocols.json -Xcc -iquote -Xcc /Users/shinya/Library/Developer/Xcode/DerivedData/HiraganaMatchingGame-eunlxllhqpjhuxgjuqzguzktdqzy/Build/Intermediates.noindex/HiraganaMatchingGame.build/Debug-iphonesimulator/HiraganaMatchingGameUITests.build/HiraganaMatchingGameUITests-generated-files.hmap -Xcc -I/Users/shinya/Library/Developer/Xcode/DerivedData/HiraganaMatchingGame-eunlxllhqpjhuxgjuqzguzktdqzy/Build/Intermediates.noindex/HiraganaMatchingGame.build/Debug-iphonesimulator/HiraganaMatchingGameUITests.build/HiraganaMatchingGameUITests-own-target-headers.hmap -Xcc -I/Users/shinya/Library/Developer/Xcode/DerivedData/HiraganaMatchingGame-eunlxllhqpjhuxgjuqzguzktdqzy/Build/Intermediates.noindex/HiraganaMatchingGame.build/Debug-iphonesimulator/HiraganaMatchingGameUITests.build/HiraganaMatchingGameUITests-all-target-headers.hmap -Xcc -iquote -Xcc /Users/shinya/Library/Developer/Xcode/DerivedData/HiraganaMatchingGame-eunlxllhqpjhuxgjuqzguzktdqzy/Build/Intermediates.noindex/HiraganaMatchingGame.build/Debug-iphonesimulator/HiraganaMatchingGameUITests.build/HiraganaMatchingGameUITests-project-headers.hmap -Xcc -I/Users/shinya/Library/Developer/Xcode/DerivedData/HiraganaMatchingGame-eunlxllhqpjhuxgjuqzguzktdqzy/Build/Products/Debug-iphonesimulator/include -Xcc -I/Users/shinya/Library/Developer/Xcode/DerivedData/HiraganaMatchingGame-eunlxllhqpjhuxgjuqzguzktdqzy/Build/Intermediates.noindex/HiraganaMatchingGame.build/Debug-iphonesimulator/HiraganaMatchingGameUITests.build/DerivedSources-normal/arm64 -Xcc -I/Users/shinya/Library/Developer/Xcode/DerivedData/HiraganaMatchingGame-eunlxllhqpjhuxgjuqzguzktdqzy/Build/Intermediates.noindex/HiraganaMatchingGame.build/Debug-iphonesimulator/HiraganaMatchingGameUITests.build/DerivedSources/arm64 -Xcc -I/Users/shinya/Library/Developer/Xcode/DerivedData/HiraganaMatchingGame-eunlxllhqpjhuxgjuqzguzktdqzy/Build/Intermediates.noindex/HiraganaMatchingGame.build/Debug-iphonesimulator/HiraganaMatchingGameUITests.build/DerivedSources -Xcc -DDEBUG\=1 -emit-objc-header -emit-objc-header-path /Users/shinya/Library/Developer/Xcode/DerivedData/HiraganaMatchingGame-eunlxllhqpjhuxgjuqzguzktdqzy/Build/Intermediates.noindex/HiraganaMatchingGame.build/Debug-iphonesimulator/HiraganaMatchingGameUITests.build/Objects-normal/arm64/HiraganaMatchingGameUITests-Swift.h -working-directory /Users/shinya/workspace/claude/HiraganaMatchingGame/app -experimental-emit-module-separately -disable-cmo

SwiftDriver\ Compilation\ Requirements HiraganaMatchingGameTests normal arm64 com.apple.xcode.tools.swift.compiler (in target 'HiraganaMatchingGameTests' from project 'HiraganaMatchingGame')
    cd /Users/shinya/workspace/claude/HiraganaMatchingGame/app
    builtin-Swift-Compilation-Requirements -- /Applications/Xcode.app/Contents/Developer/Toolchains/XcodeDefault.xctoolchain/usr/bin/swiftc -module-name HiraganaMatchingGameTests -Onone -enforce-exclusivity\=checked @/Users/shinya/Library/Developer/Xcode/DerivedData/HiraganaMatchingGame-eunlxllhqpjhuxgjuqzguzktdqzy/Build/Intermediates.noindex/HiraganaMatchingGame.build/Debug-iphonesimulator/HiraganaMatchingGameTests.build/Objects-normal/arm64/HiraganaMatchingGameTests.SwiftFileList -DDEBUG -plugin-path /Applications/Xcode.app/Contents/Developer/Toolchains/XcodeDefault.xctoolchain/usr/lib/swift/host/plugins/testing -enable-bare-slash-regex -enable-experimental-feature DebugDescriptionMacro -sdk /Applications/Xcode.app/Contents/Developer/Platforms/iPhoneSimulator.platform/Developer/SDKs/iPhoneSimulator18.5.sdk -target arm64-apple-ios18.5-simulator -g -module-cache-path /Users/shinya/Library/Developer/Xcode/DerivedData/ModuleCache.noindex -Xfrontend -serialize-debugging-options -profile-coverage-mapping -profile-generate -enable-testing -index-store-path /Users/shinya/Library/Developer/Xcode/DerivedData/HiraganaMatchingGame-eunlxllhqpjhuxgjuqzguzktdqzy/Index.noindex/DataStore -swift-version 5 -I /Users/shinya/Library/Developer/Xcode/DerivedData/HiraganaMatchingGame-eunlxllhqpjhuxgjuqzguzktdqzy/Build/Products/Debug-iphonesimulator -I /Applications/Xcode.app/Contents/Developer/Platforms/iPhoneSimulator.platform/Developer/usr/lib -F /Users/shinya/Library/Developer/Xcode/DerivedData/HiraganaMatchingGame-eunlxllhqpjhuxgjuqzguzktdqzy/Build/Products/Debug-iphonesimulator -F /Applications/Xcode.app/Contents/Developer/Platforms/iPhoneSimulator.platform/Developer/Library/Frameworks -F /Applications/Xcode.app/Contents/Developer/Platforms/iPhoneSimulator.platform/Developer/SDKs/iPhoneSimulator18.5.sdk/Developer/Library/Frameworks -c -j8 -enable-batch-mode -incremental -Xcc -ivfsstatcache -Xcc /Users/shinya/Library/Developer/Xcode/DerivedData/SDKStatCaches.noindex/iphonesimulator18.5-22F76-d5fc8ad4295d2ef488fb7d0f804ce0c4.sdkstatcache -output-file-map /Users/shinya/Library/Developer/Xcode/DerivedData/HiraganaMatchingGame-eunlxllhqpjhuxgjuqzguzktdqzy/Build/Intermediates.noindex/HiraganaMatchingGame.build/Debug-iphonesimulator/HiraganaMatchingGameTests.build/Objects-normal/arm64/HiraganaMatchingGameTests-OutputFileMap.json -use-frontend-parseable-output -save-temps -no-color-diagnostics -serialize-diagnostics -emit-dependencies -emit-module -emit-module-path /Users/shinya/Library/Developer/Xcode/DerivedData/HiraganaMatchingGame-eunlxllhqpjhuxgjuqzguzktdqzy/Build/Intermediates.noindex/HiraganaMatchingGame.build/Debug-iphonesimulator/HiraganaMatchingGameTests.build/Objects-normal/arm64/HiraganaMatchingGameTests.swiftmodule -validate-clang-modules-once -clang-build-session-file /Users/shinya/Library/Developer/Xcode/DerivedData/ModuleCache.noindex/Session.modulevalidation -Xcc -I/Users/shinya/Library/Developer/Xcode/DerivedData/HiraganaMatchingGame-eunlxllhqpjhuxgjuqzguzktdqzy/Build/Intermediates.noindex/HiraganaMatchingGame.build/Debug-iphonesimulator/HiraganaMatchingGameTests.build/swift-overrides.hmap -emit-const-values -Xfrontend -const-gather-protocols-file -Xfrontend /Users/shinya/Library/Developer/Xcode/DerivedData/HiraganaMatchingGame-eunlxllhqpjhuxgjuqzguzktdqzy/Build/Intermediates.noindex/HiraganaMatchingGame.build/Debug-iphonesimulator/HiraganaMatchingGameTests.build/Objects-normal/arm64/HiraganaMatchingGameTests_const_extract_protocols.json -Xcc -iquote -Xcc /Users/shinya/Library/Developer/Xcode/DerivedData/HiraganaMatchingGame-eunlxllhqpjhuxgjuqzguzktdqzy/Build/Intermediates.noindex/HiraganaMatchingGame.build/Debug-iphonesimulator/HiraganaMatchingGameTests.build/HiraganaMatchingGameTests-generated-files.hmap -Xcc -I/Users/shinya/Library/Developer/Xcode/DerivedData/HiraganaMatchingGame-eunlxllhqpjhuxgjuqzguzktdqzy/Build/Intermediates.noindex/HiraganaMatchingGame.build/Debug-iphonesimulator/HiraganaMatchingGameTests.build/HiraganaMatchingGameTests-own-target-headers.hmap -Xcc -I/Users/shinya/Library/Developer/Xcode/DerivedData/HiraganaMatchingGame-eunlxllhqpjhuxgjuqzguzktdqzy/Build/Intermediates.noindex/HiraganaMatchingGame.build/Debug-iphonesimulator/HiraganaMatchingGameTests.build/HiraganaMatchingGameTests-all-target-headers.hmap -Xcc -iquote -Xcc /Users/shinya/Library/Developer/Xcode/DerivedData/HiraganaMatchingGame-eunlxllhqpjhuxgjuqzguzktdqzy/Build/Intermediates.noindex/HiraganaMatchingGame.build/Debug-iphonesimulator/HiraganaMatchingGameTests.build/HiraganaMatchingGameTests-project-headers.hmap -Xcc -I/Users/shinya/Library/Developer/Xcode/DerivedData/HiraganaMatchingGame-eunlxllhqpjhuxgjuqzguzktdqzy/Build/Products/Debug-iphonesimulator/include -Xcc -I/Users/shinya/Library/Developer/Xcode/DerivedData/HiraganaMatchingGame-eunlxllhqpjhuxgjuqzguzktdqzy/Build/Intermediates.noindex/HiraganaMatchingGame.build/Debug-iphonesimulator/HiraganaMatchingGameTests.build/DerivedSources-normal/arm64 -Xcc -I/Users/shinya/Library/Developer/Xcode/DerivedData/HiraganaMatchingGame-eunlxllhqpjhuxgjuqzguzktdqzy/Build/Intermediates.noindex/HiraganaMatchingGame.build/Debug-iphonesimulator/HiraganaMatchingGameTests.build/DerivedSources/arm64 -Xcc -I/Users/shinya/Library/Developer/Xcode/DerivedData/HiraganaMatchingGame-eunlxllhqpjhuxgjuqzguzktdqzy/Build/Intermediates.noindex/HiraganaMatchingGame.build/Debug-iphonesimulator/HiraganaMatchingGameTests.build/DerivedSources -Xcc -DDEBUG\=1 -emit-objc-header -emit-objc-header-path /Users/shinya/Library/Developer/Xcode/DerivedData/HiraganaMatchingGame-eunlxllhqpjhuxgjuqzguzktdqzy/Build/Intermediates.noindex/HiraganaMatchingGame.build/Debug-iphonesimulator/HiraganaMatchingGameTests.build/Objects-normal/arm64/HiraganaMatchingGameTests-Swift.h -working-directory /Users/shinya/workspace/claude/HiraganaMatchingGame/app -experimental-emit-module-separately -disable-cmo

SwiftDriver\ Compilation HiraganaMatchingGameTests normal arm64 com.apple.xcode.tools.swift.compiler (in target 'HiraganaMatchingGameTests' from project 'HiraganaMatchingGame')
    cd /Users/shinya/workspace/claude/HiraganaMatchingGame/app
    builtin-Swift-Compilation -- /Applications/Xcode.app/Contents/Developer/Toolchains/XcodeDefault.xctoolchain/usr/bin/swiftc -module-name HiraganaMatchingGameTests -Onone -enforce-exclusivity\=checked @/Users/shinya/Library/Developer/Xcode/DerivedData/HiraganaMatchingGame-eunlxllhqpjhuxgjuqzguzktdqzy/Build/Intermediates.noindex/HiraganaMatchingGame.build/Debug-iphonesimulator/HiraganaMatchingGameTests.build/Objects-normal/arm64/HiraganaMatchingGameTests.SwiftFileList -DDEBUG -plugin-path /Applications/Xcode.app/Contents/Developer/Toolchains/XcodeDefault.xctoolchain/usr/lib/swift/host/plugins/testing -enable-bare-slash-regex -enable-experimental-feature DebugDescriptionMacro -sdk /Applications/Xcode.app/Contents/Developer/Platforms/iPhoneSimulator.platform/Developer/SDKs/iPhoneSimulator18.5.sdk -target arm64-apple-ios18.5-simulator -g -module-cache-path /Users/shinya/Library/Developer/Xcode/DerivedData/ModuleCache.noindex -Xfrontend -serialize-debugging-options -profile-coverage-mapping -profile-generate -enable-testing -index-store-path /Users/shinya/Library/Developer/Xcode/DerivedData/HiraganaMatchingGame-eunlxllhqpjhuxgjuqzguzktdqzy/Index.noindex/DataStore -swift-version 5 -I /Users/shinya/Library/Developer/Xcode/DerivedData/HiraganaMatchingGame-eunlxllhqpjhuxgjuqzguzktdqzy/Build/Products/Debug-iphonesimulator -I /Applications/Xcode.app/Contents/Developer/Platforms/iPhoneSimulator.platform/Developer/usr/lib -F /Users/shinya/Library/Developer/Xcode/DerivedData/HiraganaMatchingGame-eunlxllhqpjhuxgjuqzguzktdqzy/Build/Products/Debug-iphonesimulator -F /Applications/Xcode.app/Contents/Developer/Platforms/iPhoneSimulator.platform/Developer/Library/Frameworks -F /Applications/Xcode.app/Contents/Developer/Platforms/iPhoneSimulator.platform/Developer/SDKs/iPhoneSimulator18.5.sdk/Developer/Library/Frameworks -c -j8 -enable-batch-mode -incremental -Xcc -ivfsstatcache -Xcc /Users/shinya/Library/Developer/Xcode/DerivedData/SDKStatCaches.noindex/iphonesimulator18.5-22F76-d5fc8ad4295d2ef488fb7d0f804ce0c4.sdkstatcache -output-file-map /Users/shinya/Library/Developer/Xcode/DerivedData/HiraganaMatchingGame-eunlxllhqpjhuxgjuqzguzktdqzy/Build/Intermediates.noindex/HiraganaMatchingGame.build/Debug-iphonesimulator/HiraganaMatchingGameTests.build/Objects-normal/arm64/HiraganaMatchingGameTests-OutputFileMap.json -use-frontend-parseable-output -save-temps -no-color-diagnostics -serialize-diagnostics -emit-dependencies -emit-module -emit-module-path /Users/shinya/Library/Developer/Xcode/DerivedData/HiraganaMatchingGame-eunlxllhqpjhuxgjuqzguzktdqzy/Build/Intermediates.noindex/HiraganaMatchingGame.build/Debug-iphonesimulator/HiraganaMatchingGameTests.build/Objects-normal/arm64/HiraganaMatchingGameTests.swiftmodule -validate-clang-modules-once -clang-build-session-file /Users/shinya/Library/Developer/Xcode/DerivedData/ModuleCache.noindex/Session.modulevalidation -Xcc -I/Users/shinya/Library/Developer/Xcode/DerivedData/HiraganaMatchingGame-eunlxllhqpjhuxgjuqzguzktdqzy/Build/Intermediates.noindex/HiraganaMatchingGame.build/Debug-iphonesimulator/HiraganaMatchingGameTests.build/swift-overrides.hmap -emit-const-values -Xfrontend -const-gather-protocols-file -Xfrontend /Users/shinya/Library/Developer/Xcode/DerivedData/HiraganaMatchingGame-eunlxllhqpjhuxgjuqzguzktdqzy/Build/Intermediates.noindex/HiraganaMatchingGame.build/Debug-iphonesimulator/HiraganaMatchingGameTests.build/Objects-normal/arm64/HiraganaMatchingGameTests_const_extract_protocols.json -Xcc -iquote -Xcc /Users/shinya/Library/Developer/Xcode/DerivedData/HiraganaMatchingGame-eunlxllhqpjhuxgjuqzguzktdqzy/Build/Intermediates.noindex/HiraganaMatchingGame.build/Debug-iphonesimulator/HiraganaMatchingGameTests.build/HiraganaMatchingGameTests-generated-files.hmap -Xcc -I/Users/shinya/Library/Developer/Xcode/DerivedData/HiraganaMatchingGame-eunlxllhqpjhuxgjuqzguzktdqzy/Build/Intermediates.noindex/HiraganaMatchingGame.build/Debug-iphonesimulator/HiraganaMatchingGameTests.build/HiraganaMatchingGameTests-own-target-headers.hmap -Xcc -I/Users/shinya/Library/Developer/Xcode/DerivedData/HiraganaMatchingGame-eunlxllhqpjhuxgjuqzguzktdqzy/Build/Intermediates.noindex/HiraganaMatchingGame.build/Debug-iphonesimulator/HiraganaMatchingGameTests.build/HiraganaMatchingGameTests-all-target-headers.hmap -Xcc -iquote -Xcc /Users/shinya/Library/Developer/Xcode/DerivedData/HiraganaMatchingGame-eunlxllhqpjhuxgjuqzguzktdqzy/Build/Intermediates.noindex/HiraganaMatchingGame.build/Debug-iphonesimulator/HiraganaMatchingGameTests.build/HiraganaMatchingGameTests-project-headers.hmap -Xcc -I/Users/shinya/Library/Developer/Xcode/DerivedData/HiraganaMatchingGame-eunlxllhqpjhuxgjuqzguzktdqzy/Build/Products/Debug-iphonesimulator/include -Xcc -I/Users/shinya/Library/Developer/Xcode/DerivedData/HiraganaMatchingGame-eunlxllhqpjhuxgjuqzguzktdqzy/Build/Intermediates.noindex/HiraganaMatchingGame.build/Debug-iphonesimulator/HiraganaMatchingGameTests.build/DerivedSources-normal/arm64 -Xcc -I/Users/shinya/Library/Developer/Xcode/DerivedData/HiraganaMatchingGame-eunlxllhqpjhuxgjuqzguzktdqzy/Build/Intermediates.noindex/HiraganaMatchingGame.build/Debug-iphonesimulator/HiraganaMatchingGameTests.build/DerivedSources/arm64 -Xcc -I/Users/shinya/Library/Developer/Xcode/DerivedData/HiraganaMatchingGame-eunlxllhqpjhuxgjuqzguzktdqzy/Build/Intermediates.noindex/HiraganaMatchingGame.build/Debug-iphonesimulator/HiraganaMatchingGameTests.build/DerivedSources -Xcc -DDEBUG\=1 -emit-objc-header -emit-objc-header-path /Users/shinya/Library/Developer/Xcode/DerivedData/HiraganaMatchingGame-eunlxllhqpjhuxgjuqzguzktdqzy/Build/Intermediates.noindex/HiraganaMatchingGame.build/Debug-iphonesimulator/HiraganaMatchingGameTests.build/Objects-normal/arm64/HiraganaMatchingGameTests-Swift.h -working-directory /Users/shinya/workspace/claude/HiraganaMatchingGame/app -experimental-emit-module-separately -disable-cmo

ConstructStubExecutorLinkFileList /Users/shinya/Library/Developer/Xcode/DerivedData/HiraganaMatchingGame-eunlxllhqpjhuxgjuqzguzktdqzy/Build/Intermediates.noindex/HiraganaMatchingGame.build/Debug-iphonesimulator/HiraganaMatchingGame.build/HiraganaMatchingGame-ExecutorLinkFileList-normal-arm64.txt (in target 'HiraganaMatchingGame' from project 'HiraganaMatchingGame')
    cd /Users/shinya/workspace/claude/HiraganaMatchingGame/app
    construct-stub-executor-link-file-list /Users/shinya/Library/Developer/Xcode/DerivedData/HiraganaMatchingGame-eunlxllhqpjhuxgjuqzguzktdqzy/Build/Products/Debug-iphonesimulator/HiraganaMatchingGame.app/HiraganaMatchingGame.debug.dylib /Applications/Xcode.app/Contents/Developer/Platforms/iPhoneSimulator.platform/Developer/usr/lib/libPreviewsJITStubExecutor_no_swift_entry_point.a /Applications/Xcode.app/Contents/Developer/Platforms/iPhoneSimulator.platform/Developer/usr/lib/libPreviewsJITStubExecutor.a --output /Users/shinya/Library/Developer/Xcode/DerivedData/HiraganaMatchingGame-eunlxllhqpjhuxgjuqzguzktdqzy/Build/Intermediates.noindex/HiraganaMatchingGame.build/Debug-iphonesimulator/HiraganaMatchingGame.build/HiraganaMatchingGame-ExecutorLinkFileList-normal-arm64.txt
note: Using stub executor library with Swift entry point. (in target 'HiraganaMatchingGame' from project 'HiraganaMatchingGame')

Ld /Users/shinya/Library/Developer/Xcode/DerivedData/HiraganaMatchingGame-eunlxllhqpjhuxgjuqzguzktdqzy/Build/Products/Debug-iphonesimulator/HiraganaMatchingGame.app/HiraganaMatchingGame normal (in target 'HiraganaMatchingGame' from project 'HiraganaMatchingGame')
    cd /Users/shinya/workspace/claude/HiraganaMatchingGame/app
    /Applications/Xcode.app/Contents/Developer/Toolchains/XcodeDefault.xctoolchain/usr/bin/clang -Xlinker -reproducible -target arm64-apple-ios18.5-simulator -isysroot /Applications/Xcode.app/Contents/Developer/Platforms/iPhoneSimulator.platform/Developer/SDKs/iPhoneSimulator18.5.sdk -O0 -L/Users/shinya/Library/Developer/Xcode/DerivedData/HiraganaMatchingGame-eunlxllhqpjhuxgjuqzguzktdqzy/Build/Products/Debug-iphonesimulator -F/Users/shinya/Library/Developer/Xcode/DerivedData/HiraganaMatchingGame-eunlxllhqpjhuxgjuqzguzktdqzy/Build/Products/Debug-iphonesimulator -Xlinker -rpath -Xlinker @executable_path -Xlinker -rpath -Xlinker @executable_path/Frameworks -rdynamic -Xlinker -no_deduplicate -Xlinker -objc_abi_version -Xlinker 2 -Xlinker -debug_variant -e ___debug_blank_executor_main -Xlinker -sectcreate -Xlinker __TEXT -Xlinker __debug_dylib -Xlinker /Users/shinya/Library/Developer/Xcode/DerivedData/HiraganaMatchingGame-eunlxllhqpjhuxgjuqzguzktdqzy/Build/Intermediates.noindex/HiraganaMatchingGame.build/Debug-iphonesimulator/HiraganaMatchingGame.build/HiraganaMatchingGame-DebugDylibPath-normal-arm64.txt -Xlinker -sectcreate -Xlinker __TEXT -Xlinker __debug_instlnm -Xlinker /Users/shinya/Library/Developer/Xcode/DerivedData/HiraganaMatchingGame-eunlxllhqpjhuxgjuqzguzktdqzy/Build/Intermediates.noindex/HiraganaMatchingGame.build/Debug-iphonesimulator/HiraganaMatchingGame.build/HiraganaMatchingGame-DebugDylibInstallName-normal-arm64.txt -Xlinker -filelist -Xlinker /Users/shinya/Library/Developer/Xcode/DerivedData/HiraganaMatchingGame-eunlxllhqpjhuxgjuqzguzktdqzy/Build/Intermediates.noindex/HiraganaMatchingGame.build/Debug-iphonesimulator/HiraganaMatchingGame.build/HiraganaMatchingGame-ExecutorLinkFileList-normal-arm64.txt -Xlinker -sectcreate -Xlinker __TEXT -Xlinker __entitlements -Xlinker /Users/shinya/Library/Developer/Xcode/DerivedData/HiraganaMatchingGame-eunlxllhqpjhuxgjuqzguzktdqzy/Build/Intermediates.noindex/HiraganaMatchingGame.build/Debug-iphonesimulator/HiraganaMatchingGame.build/HiraganaMatchingGame.app-Simulated.xcent -Xlinker -sectcreate -Xlinker __TEXT -Xlinker __ents_der -Xlinker /Users/shinya/Library/Developer/Xcode/DerivedData/HiraganaMatchingGame-eunlxllhqpjhuxgjuqzguzktdqzy/Build/Intermediates.noindex/HiraganaMatchingGame.build/Debug-iphonesimulator/HiraganaMatchingGame.build/HiraganaMatchingGame.app-Simulated.xcent.der /Users/shinya/Library/Developer/Xcode/DerivedData/HiraganaMatchingGame-eunlxllhqpjhuxgjuqzguzktdqzy/Build/Products/Debug-iphonesimulator/HiraganaMatchingGame.app/HiraganaMatchingGame.debug.dylib -Xlinker -no_adhoc_codesign -o /Users/shinya/Library/Developer/Xcode/DerivedData/HiraganaMatchingGame-eunlxllhqpjhuxgjuqzguzktdqzy/Build/Products/Debug-iphonesimulator/HiraganaMatchingGame.app/HiraganaMatchingGame

ExtractAppIntentsMetadata (in target 'HiraganaMatchingGame' from project 'HiraganaMatchingGame')
    cd /Users/shinya/workspace/claude/HiraganaMatchingGame/app
    /Applications/Xcode.app/Contents/Developer/Toolchains/XcodeDefault.xctoolchain/usr/bin/appintentsmetadataprocessor --toolchain-dir /Applications/Xcode.app/Contents/Developer/Toolchains/XcodeDefault.xctoolchain --module-name HiraganaMatchingGame --sdk-root /Applications/Xcode.app/Contents/Developer/Platforms/iPhoneSimulator.platform/Developer/SDKs/iPhoneSimulator18.5.sdk --xcode-version 16F6 --platform-family iOS --deployment-target 18.5 --bundle-identifier com.asapapalab.HiraganaMatchingGame --output /Users/shinya/Library/Developer/Xcode/DerivedData/HiraganaMatchingGame-eunlxllhqpjhuxgjuqzguzktdqzy/Build/Products/Debug-iphonesimulator/HiraganaMatchingGame.app --target-triple arm64-apple-ios18.5-simulator --binary-file /Users/shinya/Library/Developer/Xcode/DerivedData/HiraganaMatchingGame-eunlxllhqpjhuxgjuqzguzktdqzy/Build/Products/Debug-iphonesimulator/HiraganaMatchingGame.app/HiraganaMatchingGame --dependency-file /Users/shinya/Library/Developer/Xcode/DerivedData/HiraganaMatchingGame-eunlxllhqpjhuxgjuqzguzktdqzy/Build/Intermediates.noindex/HiraganaMatchingGame.build/Debug-iphonesimulator/HiraganaMatchingGame.build/Objects-normal/arm64/HiraganaMatchingGame_dependency_info.dat --stringsdata-file /Users/shinya/Library/Developer/Xcode/DerivedData/HiraganaMatchingGame-eunlxllhqpjhuxgjuqzguzktdqzy/Build/Intermediates.noindex/HiraganaMatchingGame.build/Debug-iphonesimulator/HiraganaMatchingGame.build/Objects-normal/arm64/ExtractedAppShortcutsMetadata.stringsdata --source-file-list /Users/shinya/Library/Developer/Xcode/DerivedData/HiraganaMatchingGame-eunlxllhqpjhuxgjuqzguzktdqzy/Build/Intermediates.noindex/HiraganaMatchingGame.build/Debug-iphonesimulator/HiraganaMatchingGame.build/Objects-normal/arm64/HiraganaMatchingGame.SwiftFileList --metadata-file-list /Users/shinya/Library/Developer/Xcode/DerivedData/HiraganaMatchingGame-eunlxllhqpjhuxgjuqzguzktdqzy/Build/Intermediates.noindex/HiraganaMatchingGame.build/Debug-iphonesimulator/HiraganaMatchingGame.build/HiraganaMatchingGame.DependencyMetadataFileList --static-metadata-file-list /Users/shinya/Library/Developer/Xcode/DerivedData/HiraganaMatchingGame-eunlxllhqpjhuxgjuqzguzktdqzy/Build/Intermediates.noindex/HiraganaMatchingGame.build/Debug-iphonesimulator/HiraganaMatchingGame.build/HiraganaMatchingGame.DependencyStaticMetadataFileList --swift-const-vals-list /Users/shinya/Library/Developer/Xcode/DerivedData/HiraganaMatchingGame-eunlxllhqpjhuxgjuqzguzktdqzy/Build/Intermediates.noindex/HiraganaMatchingGame.build/Debug-iphonesimulator/HiraganaMatchingGame.build/Objects-normal/arm64/HiraganaMatchingGame.SwiftConstValuesFileList --compile-time-extraction --deployment-aware-processing --validate-assistant-intents --no-app-shortcuts-localization
2025-06-14 15:48:23.818 appintentsmetadataprocessor[18614:448162] Starting appintentsmetadataprocessor export
2025-06-14 15:48:23.819 appintentsmetadataprocessor[18614:448162] warning: Metadata extraction skipped. No AppIntents.framework dependency found.

CopySwiftLibs /Users/shinya/Library/Developer/Xcode/DerivedData/HiraganaMatchingGame-eunlxllhqpjhuxgjuqzguzktdqzy/Build/Products/Debug-iphonesimulator/HiraganaMatchingGame.app (in target 'HiraganaMatchingGame' from project 'HiraganaMatchingGame')
    cd /Users/shinya/workspace/claude/HiraganaMatchingGame/app
    builtin-swiftStdLibTool --copy --verbose --sign - --scan-executable /Users/shinya/Library/Developer/Xcode/DerivedData/HiraganaMatchingGame-eunlxllhqpjhuxgjuqzguzktdqzy/Build/Products/Debug-iphonesimulator/HiraganaMatchingGame.app/HiraganaMatchingGame.debug.dylib --scan-folder /Users/shinya/Library/Developer/Xcode/DerivedData/HiraganaMatchingGame-eunlxllhqpjhuxgjuqzguzktdqzy/Build/Products/Debug-iphonesimulator/HiraganaMatchingGame.app/Frameworks --scan-folder /Users/shinya/Library/Developer/Xcode/DerivedData/HiraganaMatchingGame-eunlxllhqpjhuxgjuqzguzktdqzy/Build/Products/Debug-iphonesimulator/HiraganaMatchingGame.app/PlugIns --scan-folder /Users/shinya/Library/Developer/Xcode/DerivedData/HiraganaMatchingGame-eunlxllhqpjhuxgjuqzguzktdqzy/Build/Products/Debug-iphonesimulator/HiraganaMatchingGame.app/SystemExtensions --scan-folder /Users/shinya/Library/Developer/Xcode/DerivedData/HiraganaMatchingGame-eunlxllhqpjhuxgjuqzguzktdqzy/Build/Products/Debug-iphonesimulator/HiraganaMatchingGame.app/Extensions --platform iphonesimulator --toolchain /Applications/Xcode.app/Contents/Developer/Toolchains/XcodeDefault.xctoolchain --destination /Users/shinya/Library/Developer/Xcode/DerivedData/HiraganaMatchingGame-eunlxllhqpjhuxgjuqzguzktdqzy/Build/Products/Debug-iphonesimulator/HiraganaMatchingGame.app/Frameworks --strip-bitcode --strip-bitcode-tool /Applications/Xcode.app/Contents/Developer/Toolchains/XcodeDefault.xctoolchain/usr/bin/bitcode_strip --emit-dependency-info /Users/shinya/Library/Developer/Xcode/DerivedData/HiraganaMatchingGame-eunlxllhqpjhuxgjuqzguzktdqzy/Build/Intermediates.noindex/HiraganaMatchingGame.build/Debug-iphonesimulator/HiraganaMatchingGame.build/SwiftStdLibToolInputDependencies.dep --filter-for-swift-os

ProcessInfoPlistFile /Users/shinya/Library/Developer/Xcode/DerivedData/HiraganaMatchingGame-eunlxllhqpjhuxgjuqzguzktdqzy/Build/Products/Debug-iphonesimulator/HiraganaMatchingGame.app/PlugIns/HiraganaMatchingGameTests.xctest/Info.plist /Users/shinya/Library/Developer/Xcode/DerivedData/HiraganaMatchingGame-eunlxllhqpjhuxgjuqzguzktdqzy/Build/Intermediates.noindex/HiraganaMatchingGame.build/Debug-iphonesimulator/HiraganaMatchingGameTests.build/empty-HiraganaMatchingGameTests.plist (in target 'HiraganaMatchingGameTests' from project 'HiraganaMatchingGame')
    cd /Users/shinya/workspace/claude/HiraganaMatchingGame/app
    builtin-infoPlistUtility /Users/shinya/Library/Developer/Xcode/DerivedData/HiraganaMatchingGame-eunlxllhqpjhuxgjuqzguzktdqzy/Build/Intermediates.noindex/HiraganaMatchingGame.build/Debug-iphonesimulator/HiraganaMatchingGameTests.build/empty-HiraganaMatchingGameTests.plist -producttype com.apple.product-type.bundle.unit-test -expandbuildsettings -format binary -platform iphonesimulator -o /Users/shinya/Library/Developer/Xcode/DerivedData/HiraganaMatchingGame-eunlxllhqpjhuxgjuqzguzktdqzy/Build/Products/Debug-iphonesimulator/HiraganaMatchingGame.app/PlugIns/HiraganaMatchingGameTests.xctest/Info.plist

Ld /Users/shinya/Library/Developer/Xcode/DerivedData/HiraganaMatchingGame-eunlxllhqpjhuxgjuqzguzktdqzy/Build/Products/Debug-iphonesimulator/HiraganaMatchingGame.app/PlugIns/HiraganaMatchingGameTests.xctest/HiraganaMatchingGameTests normal (in target 'HiraganaMatchingGameTests' from project 'HiraganaMatchingGame')
    cd /Users/shinya/workspace/claude/HiraganaMatchingGame/app
    /Applications/Xcode.app/Contents/Developer/Toolchains/XcodeDefault.xctoolchain/usr/bin/clang -Xlinker -reproducible -target arm64-apple-ios18.5-simulator -bundle -isysroot /Applications/Xcode.app/Contents/Developer/Platforms/iPhoneSimulator.platform/Developer/SDKs/iPhoneSimulator18.5.sdk -O0 -L/Users/shinya/Library/Developer/Xcode/DerivedData/HiraganaMatchingGame-eunlxllhqpjhuxgjuqzguzktdqzy/Build/Intermediates.noindex/EagerLinkingTBDs/Debug-iphonesimulator -L/Users/shinya/Library/Developer/Xcode/DerivedData/HiraganaMatchingGame-eunlxllhqpjhuxgjuqzguzktdqzy/Build/Products/Debug-iphonesimulator -L/Applications/Xcode.app/Contents/Developer/Platforms/iPhoneSimulator.platform/Developer/usr/lib -F/Users/shinya/Library/Developer/Xcode/DerivedData/HiraganaMatchingGame-eunlxllhqpjhuxgjuqzguzktdqzy/Build/Intermediates.noindex/EagerLinkingTBDs/Debug-iphonesimulator -F/Users/shinya/Library/Developer/Xcode/DerivedData/HiraganaMatchingGame-eunlxllhqpjhuxgjuqzguzktdqzy/Build/Products/Debug-iphonesimulator -iframework /Applications/Xcode.app/Contents/Developer/Platforms/iPhoneSimulator.platform/Developer/Library/Frameworks -iframework /Applications/Xcode.app/Contents/Developer/Platforms/iPhoneSimulator.platform/Developer/SDKs/iPhoneSimulator18.5.sdk/Developer/Library/Frameworks -filelist /Users/shinya/Library/Developer/Xcode/DerivedData/HiraganaMatchingGame-eunlxllhqpjhuxgjuqzguzktdqzy/Build/Intermediates.noindex/HiraganaMatchingGame.build/Debug-iphonesimulator/HiraganaMatchingGameTests.build/Objects-normal/arm64/HiraganaMatchingGameTests.LinkFileList -Xlinker -rpath -Xlinker @loader_path/Frameworks -Xlinker -rpath -Xlinker @executable_path/Frameworks -dead_strip -bundle_loader /Users/shinya/Library/Developer/Xcode/DerivedData/HiraganaMatchingGame-eunlxllhqpjhuxgjuqzguzktdqzy/Build/Products/Debug-iphonesimulator/HiraganaMatchingGame.app/HiraganaMatchingGame -Xlinker -object_path_lto -Xlinker /Users/shinya/Library/Developer/Xcode/DerivedData/HiraganaMatchingGame-eunlxllhqpjhuxgjuqzguzktdqzy/Build/Intermediates.noindex/HiraganaMatchingGame.build/Debug-iphonesimulator/HiraganaMatchingGameTests.build/Objects-normal/arm64/HiraganaMatchingGameTests_lto.o -rdynamic -Xlinker -no_deduplicate -Xlinker -objc_abi_version -Xlinker 2 -Xlinker -debug_variant -Xlinker -dependency_info -Xlinker /Users/shinya/Library/Developer/Xcode/DerivedData/HiraganaMatchingGame-eunlxllhqpjhuxgjuqzguzktdqzy/Build/Intermediates.noindex/HiraganaMatchingGame.build/Debug-iphonesimulator/HiraganaMatchingGameTests.build/Objects-normal/arm64/HiraganaMatchingGameTests_dependency_info.dat -fobjc-link-runtime -fprofile-instr-generate -L/Applications/Xcode.app/Contents/Developer/Toolchains/XcodeDefault.xctoolchain/usr/lib/swift/iphonesimulator -L/usr/lib/swift -Xlinker -add_ast_path -Xlinker /Users/shinya/Library/Developer/Xcode/DerivedData/HiraganaMatchingGame-eunlxllhqpjhuxgjuqzguzktdqzy/Build/Intermediates.noindex/HiraganaMatchingGame.build/Debug-iphonesimulator/HiraganaMatchingGameTests.build/Objects-normal/arm64/HiraganaMatchingGameTests.swiftmodule -framework XCTest -lXCTestSwiftSupport /Users/shinya/Library/Developer/Xcode/DerivedData/HiraganaMatchingGame-eunlxllhqpjhuxgjuqzguzktdqzy/Build/Products/Debug-iphonesimulator/HiraganaMatchingGame.app/HiraganaMatchingGame.debug.dylib -Xlinker -no_adhoc_codesign -o /Users/shinya/Library/Developer/Xcode/DerivedData/HiraganaMatchingGame-eunlxllhqpjhuxgjuqzguzktdqzy/Build/Products/Debug-iphonesimulator/HiraganaMatchingGame.app/PlugIns/HiraganaMatchingGameTests.xctest/HiraganaMatchingGameTests

CopySwiftLibs /Users/shinya/Library/Developer/Xcode/DerivedData/HiraganaMatchingGame-eunlxllhqpjhuxgjuqzguzktdqzy/Build/Products/Debug-iphonesimulator/HiraganaMatchingGame.app/PlugIns/HiraganaMatchingGameTests.xctest (in target 'HiraganaMatchingGameTests' from project 'HiraganaMatchingGame')
    cd /Users/shinya/workspace/claude/HiraganaMatchingGame/app
    builtin-swiftStdLibTool --copy --verbose --sign - --scan-executable /Users/shinya/Library/Developer/Xcode/DerivedData/HiraganaMatchingGame-eunlxllhqpjhuxgjuqzguzktdqzy/Build/Products/Debug-iphonesimulator/HiraganaMatchingGame.app/PlugIns/HiraganaMatchingGameTests.xctest/HiraganaMatchingGameTests --scan-folder /Users/shinya/Library/Developer/Xcode/DerivedData/HiraganaMatchingGame-eunlxllhqpjhuxgjuqzguzktdqzy/Build/Products/Debug-iphonesimulator/HiraganaMatchingGame.app/PlugIns/HiraganaMatchingGameTests.xctest/Frameworks --scan-folder /Users/shinya/Library/Developer/Xcode/DerivedData/HiraganaMatchingGame-eunlxllhqpjhuxgjuqzguzktdqzy/Build/Products/Debug-iphonesimulator/HiraganaMatchingGame.app/PlugIns/HiraganaMatchingGameTests.xctest/PlugIns --scan-folder /Users/shinya/Library/Developer/Xcode/DerivedData/HiraganaMatchingGame-eunlxllhqpjhuxgjuqzguzktdqzy/Build/Products/Debug-iphonesimulator/HiraganaMatchingGame.app/PlugIns/HiraganaMatchingGameTests.xctest/SystemExtensions --scan-folder /Users/shinya/Library/Developer/Xcode/DerivedData/HiraganaMatchingGame-eunlxllhqpjhuxgjuqzguzktdqzy/Build/Products/Debug-iphonesimulator/HiraganaMatchingGame.app/PlugIns/HiraganaMatchingGameTests.xctest/Extensions --platform iphonesimulator --toolchain /Applications/Xcode.app/Contents/Developer/Toolchains/XcodeDefault.xctoolchain --destination /Users/shinya/Library/Developer/Xcode/DerivedData/HiraganaMatchingGame-eunlxllhqpjhuxgjuqzguzktdqzy/Build/Products/Debug-iphonesimulator/HiraganaMatchingGame.app/PlugIns/HiraganaMatchingGameTests.xctest/Frameworks --strip-bitcode --scan-executable /Applications/Xcode.app/Contents/Developer/Platforms/iPhoneSimulator.platform/Developer/usr/lib/libXCTestSwiftSupport.dylib --strip-bitcode-tool /Applications/Xcode.app/Contents/Developer/Toolchains/XcodeDefault.xctoolchain/usr/bin/bitcode_strip --emit-dependency-info /Users/shinya/Library/Developer/Xcode/DerivedData/HiraganaMatchingGame-eunlxllhqpjhuxgjuqzguzktdqzy/Build/Intermediates.noindex/HiraganaMatchingGame.build/Debug-iphonesimulator/HiraganaMatchingGameTests.build/SwiftStdLibToolInputDependencies.dep --filter-for-swift-os

ExtractAppIntentsMetadata (in target 'HiraganaMatchingGameTests' from project 'HiraganaMatchingGame')
    cd /Users/shinya/workspace/claude/HiraganaMatchingGame/app
    /Applications/Xcode.app/Contents/Developer/Toolchains/XcodeDefault.xctoolchain/usr/bin/appintentsmetadataprocessor --toolchain-dir /Applications/Xcode.app/Contents/Developer/Toolchains/XcodeDefault.xctoolchain --module-name HiraganaMatchingGameTests --sdk-root /Applications/Xcode.app/Contents/Developer/Platforms/iPhoneSimulator.platform/Developer/SDKs/iPhoneSimulator18.5.sdk --xcode-version 16F6 --platform-family iOS --deployment-target 18.5 --bundle-identifier com.asapapalab.HiraganaMatchingGameTests --output /Users/shinya/Library/Developer/Xcode/DerivedData/HiraganaMatchingGame-eunlxllhqpjhuxgjuqzguzktdqzy/Build/Products/Debug-iphonesimulator/HiraganaMatchingGame.app/PlugIns/HiraganaMatchingGameTests.xctest --target-triple arm64-apple-ios18.5-simulator --binary-file /Users/shinya/Library/Developer/Xcode/DerivedData/HiraganaMatchingGame-eunlxllhqpjhuxgjuqzguzktdqzy/Build/Products/Debug-iphonesimulator/HiraganaMatchingGame.app/PlugIns/HiraganaMatchingGameTests.xctest/HiraganaMatchingGameTests --dependency-file /Users/shinya/Library/Developer/Xcode/DerivedData/HiraganaMatchingGame-eunlxllhqpjhuxgjuqzguzktdqzy/Build/Intermediates.noindex/HiraganaMatchingGame.build/Debug-iphonesimulator/HiraganaMatchingGameTests.build/Objects-normal/arm64/HiraganaMatchingGameTests_dependency_info.dat --stringsdata-file /Users/shinya/Library/Developer/Xcode/DerivedData/HiraganaMatchingGame-eunlxllhqpjhuxgjuqzguzktdqzy/Build/Intermediates.noindex/HiraganaMatchingGame.build/Debug-iphonesimulator/HiraganaMatchingGameTests.build/Objects-normal/arm64/ExtractedAppShortcutsMetadata.stringsdata --source-file-list /Users/shinya/Library/Developer/Xcode/DerivedData/HiraganaMatchingGame-eunlxllhqpjhuxgjuqzguzktdqzy/Build/Intermediates.noindex/HiraganaMatchingGame.build/Debug-iphonesimulator/HiraganaMatchingGameTests.build/Objects-normal/arm64/HiraganaMatchingGameTests.SwiftFileList --metadata-file-list /Users/shinya/Library/Developer/Xcode/DerivedData/HiraganaMatchingGame-eunlxllhqpjhuxgjuqzguzktdqzy/Build/Intermediates.noindex/HiraganaMatchingGame.build/Debug-iphonesimulator/HiraganaMatchingGameTests.build/HiraganaMatchingGameTests.DependencyMetadataFileList --static-metadata-file-list /Users/shinya/Library/Developer/Xcode/DerivedData/HiraganaMatchingGame-eunlxllhqpjhuxgjuqzguzktdqzy/Build/Intermediates.noindex/HiraganaMatchingGame.build/Debug-iphonesimulator/HiraganaMatchingGameTests.build/HiraganaMatchingGameTests.DependencyStaticMetadataFileList --swift-const-vals-list /Users/shinya/Library/Developer/Xcode/DerivedData/HiraganaMatchingGame-eunlxllhqpjhuxgjuqzguzktdqzy/Build/Intermediates.noindex/HiraganaMatchingGame.build/Debug-iphonesimulator/HiraganaMatchingGameTests.build/Objects-normal/arm64/HiraganaMatchingGameTests.SwiftConstValuesFileList --compile-time-extraction --deployment-aware-processing --validate-assistant-intents --no-app-shortcuts-localization
2025-06-14 15:48:24.028 appintentsmetadataprocessor[18617:448178] Starting appintentsmetadataprocessor export
2025-06-14 15:48:24.030 appintentsmetadataprocessor[18617:448178] warning: Metadata extraction skipped. No AppIntents.framework dependency found.

CodeSign /Users/shinya/Library/Developer/Xcode/DerivedData/HiraganaMatchingGame-eunlxllhqpjhuxgjuqzguzktdqzy/Build/Products/Debug-iphonesimulator/HiraganaMatchingGame.app/PlugIns/HiraganaMatchingGameTests.xctest (in target 'HiraganaMatchingGameTests' from project 'HiraganaMatchingGame')
    cd /Users/shinya/workspace/claude/HiraganaMatchingGame/app
    
    Signing Identity:     "Sign to Run Locally"
    
    /usr/bin/codesign --force --sign - --timestamp\=none --generate-entitlement-der /Users/shinya/Library/Developer/Xcode/DerivedData/HiraganaMatchingGame-eunlxllhqpjhuxgjuqzguzktdqzy/Build/Products/Debug-iphonesimulator/HiraganaMatchingGame.app/PlugIns/HiraganaMatchingGameTests.xctest

CodeSign /Users/shinya/Library/Developer/Xcode/DerivedData/HiraganaMatchingGame-eunlxllhqpjhuxgjuqzguzktdqzy/Build/Products/Debug-iphonesimulator/HiraganaMatchingGame.app/HiraganaMatchingGame.debug.dylib (in target 'HiraganaMatchingGame' from project 'HiraganaMatchingGame')
    cd /Users/shinya/workspace/claude/HiraganaMatchingGame/app
    
    Signing Identity:     "Sign to Run Locally"
    
    /usr/bin/codesign --force --sign - --timestamp\=none --generate-entitlement-der /Users/shinya/Library/Developer/Xcode/DerivedData/HiraganaMatchingGame-eunlxllhqpjhuxgjuqzguzktdqzy/Build/Products/Debug-iphonesimulator/HiraganaMatchingGame.app/HiraganaMatchingGame.debug.dylib

CodeSign /Users/shinya/Library/Developer/Xcode/DerivedData/HiraganaMatchingGame-eunlxllhqpjhuxgjuqzguzktdqzy/Build/Products/Debug-iphonesimulator/HiraganaMatchingGame.app/__preview.dylib (in target 'HiraganaMatchingGame' from project 'HiraganaMatchingGame')
    cd /Users/shinya/workspace/claude/HiraganaMatchingGame/app
    
    Signing Identity:     "Sign to Run Locally"
    
    /usr/bin/codesign --force --sign - --timestamp\=none --generate-entitlement-der /Users/shinya/Library/Developer/Xcode/DerivedData/HiraganaMatchingGame-eunlxllhqpjhuxgjuqzguzktdqzy/Build/Products/Debug-iphonesimulator/HiraganaMatchingGame.app/__preview.dylib
/Users/shinya/Library/Developer/Xcode/DerivedData/HiraganaMatchingGame-eunlxllhqpjhuxgjuqzguzktdqzy/Build/Products/Debug-iphonesimulator/HiraganaMatchingGame.app/__preview.dylib: replacing existing signature

CodeSign /Users/shinya/Library/Developer/Xcode/DerivedData/HiraganaMatchingGame-eunlxllhqpjhuxgjuqzguzktdqzy/Build/Products/Debug-iphonesimulator/HiraganaMatchingGame.app (in target 'HiraganaMatchingGame' from project 'HiraganaMatchingGame')
    cd /Users/shinya/workspace/claude/HiraganaMatchingGame/app
    
    Signing Identity:     "Sign to Run Locally"
    
    /usr/bin/codesign --force --sign - --timestamp\=none --generate-entitlement-der /Users/shinya/Library/Developer/Xcode/DerivedData/HiraganaMatchingGame-eunlxllhqpjhuxgjuqzguzktdqzy/Build/Products/Debug-iphonesimulator/HiraganaMatchingGame.app

Validate /Users/shinya/Library/Developer/Xcode/DerivedData/HiraganaMatchingGame-eunlxllhqpjhuxgjuqzguzktdqzy/Build/Products/Debug-iphonesimulator/HiraganaMatchingGame.app (in target 'HiraganaMatchingGame' from project 'HiraganaMatchingGame')
    cd /Users/shinya/workspace/claude/HiraganaMatchingGame/app
    builtin-validationUtility /Users/shinya/Library/Developer/Xcode/DerivedData/HiraganaMatchingGame-eunlxllhqpjhuxgjuqzguzktdqzy/Build/Products/Debug-iphonesimulator/HiraganaMatchingGame.app -infoplist-subpath Info.plist

ProcessInfoPlistFile /Users/shinya/Library/Developer/Xcode/DerivedData/HiraganaMatchingGame-eunlxllhqpjhuxgjuqzguzktdqzy/Build/Products/Debug-iphonesimulator/HiraganaMatchingGameUITests-Runner.app/PlugIns/HiraganaMatchingGameUITests.xctest/Info.plist /Users/shinya/Library/Developer/Xcode/DerivedData/HiraganaMatchingGame-eunlxllhqpjhuxgjuqzguzktdqzy/Build/Intermediates.noindex/HiraganaMatchingGame.build/Debug-iphonesimulator/HiraganaMatchingGameUITests.build/empty-HiraganaMatchingGameUITests.plist (in target 'HiraganaMatchingGameUITests' from project 'HiraganaMatchingGame')
    cd /Users/shinya/workspace/claude/HiraganaMatchingGame/app
    builtin-infoPlistUtility /Users/shinya/Library/Developer/Xcode/DerivedData/HiraganaMatchingGame-eunlxllhqpjhuxgjuqzguzktdqzy/Build/Intermediates.noindex/HiraganaMatchingGame.build/Debug-iphonesimulator/HiraganaMatchingGameUITests.build/empty-HiraganaMatchingGameUITests.plist -producttype com.apple.product-type.bundle.ui-testing -expandbuildsettings -format binary -platform iphonesimulator -additionalcontentfile /Users/shinya/Library/Developer/Xcode/DerivedData/HiraganaMatchingGame-eunlxllhqpjhuxgjuqzguzktdqzy/Build/Intermediates.noindex/HiraganaMatchingGame.build/Debug-iphonesimulator/HiraganaMatchingGameUITests.build/ProductTypeInfoPlistAdditions.plist -o /Users/shinya/Library/Developer/Xcode/DerivedData/HiraganaMatchingGame-eunlxllhqpjhuxgjuqzguzktdqzy/Build/Products/Debug-iphonesimulator/HiraganaMatchingGameUITests-Runner.app/PlugIns/HiraganaMatchingGameUITests.xctest/Info.plist

Ld /Users/shinya/Library/Developer/Xcode/DerivedData/HiraganaMatchingGame-eunlxllhqpjhuxgjuqzguzktdqzy/Build/Products/Debug-iphonesimulator/HiraganaMatchingGameUITests-Runner.app/PlugIns/HiraganaMatchingGameUITests.xctest/HiraganaMatchingGameUITests normal (in target 'HiraganaMatchingGameUITests' from project 'HiraganaMatchingGame')
    cd /Users/shinya/workspace/claude/HiraganaMatchingGame/app
    /Applications/Xcode.app/Contents/Developer/Toolchains/XcodeDefault.xctoolchain/usr/bin/clang -Xlinker -reproducible -target arm64-apple-ios18.5-simulator -bundle -isysroot /Applications/Xcode.app/Contents/Developer/Platforms/iPhoneSimulator.platform/Developer/SDKs/iPhoneSimulator18.5.sdk -O0 -L/Users/shinya/Library/Developer/Xcode/DerivedData/HiraganaMatchingGame-eunlxllhqpjhuxgjuqzguzktdqzy/Build/Intermediates.noindex/EagerLinkingTBDs/Debug-iphonesimulator -L/Users/shinya/Library/Developer/Xcode/DerivedData/HiraganaMatchingGame-eunlxllhqpjhuxgjuqzguzktdqzy/Build/Products/Debug-iphonesimulator -L/Applications/Xcode.app/Contents/Developer/Platforms/iPhoneSimulator.platform/Developer/usr/lib -F/Users/shinya/Library/Developer/Xcode/DerivedData/HiraganaMatchingGame-eunlxllhqpjhuxgjuqzguzktdqzy/Build/Intermediates.noindex/EagerLinkingTBDs/Debug-iphonesimulator -F/Users/shinya/Library/Developer/Xcode/DerivedData/HiraganaMatchingGame-eunlxllhqpjhuxgjuqzguzktdqzy/Build/Products/Debug-iphonesimulator -iframework /Applications/Xcode.app/Contents/Developer/Platforms/iPhoneSimulator.platform/Developer/Library/Frameworks -iframework /Applications/Xcode.app/Contents/Developer/Platforms/iPhoneSimulator.platform/Developer/SDKs/iPhoneSimulator18.5.sdk/Developer/Library/Frameworks -filelist /Users/shinya/Library/Developer/Xcode/DerivedData/HiraganaMatchingGame-eunlxllhqpjhuxgjuqzguzktdqzy/Build/Intermediates.noindex/HiraganaMatchingGame.build/Debug-iphonesimulator/HiraganaMatchingGameUITests.build/Objects-normal/arm64/HiraganaMatchingGameUITests.LinkFileList -Xlinker -rpath -Xlinker @loader_path/Frameworks -dead_strip -Xlinker -object_path_lto -Xlinker /Users/shinya/Library/Developer/Xcode/DerivedData/HiraganaMatchingGame-eunlxllhqpjhuxgjuqzguzktdqzy/Build/Intermediates.noindex/HiraganaMatchingGame.build/Debug-iphonesimulator/HiraganaMatchingGameUITests.build/Objects-normal/arm64/HiraganaMatchingGameUITests_lto.o -rdynamic -Xlinker -no_deduplicate -Xlinker -objc_abi_version -Xlinker 2 -Xlinker -debug_variant -Xlinker -dependency_info -Xlinker /Users/shinya/Library/Developer/Xcode/DerivedData/HiraganaMatchingGame-eunlxllhqpjhuxgjuqzguzktdqzy/Build/Intermediates.noindex/HiraganaMatchingGame.build/Debug-iphonesimulator/HiraganaMatchingGameUITests.build/Objects-normal/arm64/HiraganaMatchingGameUITests_dependency_info.dat -fobjc-link-runtime -fprofile-instr-generate -L/Applications/Xcode.app/Contents/Developer/Toolchains/XcodeDefault.xctoolchain/usr/lib/swift/iphonesimulator -L/usr/lib/swift -Xlinker -add_ast_path -Xlinker /Users/shinya/Library/Developer/Xcode/DerivedData/HiraganaMatchingGame-eunlxllhqpjhuxgjuqzguzktdqzy/Build/Intermediates.noindex/HiraganaMatchingGame.build/Debug-iphonesimulator/HiraganaMatchingGameUITests.build/Objects-normal/arm64/HiraganaMatchingGameUITests.swiftmodule -framework XCTest -lXCTestSwiftSupport -Xlinker -sectcreate -Xlinker __TEXT -Xlinker __entitlements -Xlinker /Users/shinya/Library/Developer/Xcode/DerivedData/HiraganaMatchingGame-eunlxllhqpjhuxgjuqzguzktdqzy/Build/Intermediates.noindex/HiraganaMatchingGame.build/Debug-iphonesimulator/HiraganaMatchingGameUITests.build/HiraganaMatchingGameUITests.xctest-Simulated.xcent -Xlinker -sectcreate -Xlinker __TEXT -Xlinker __ents_der -Xlinker /Users/shinya/Library/Developer/Xcode/DerivedData/HiraganaMatchingGame-eunlxllhqpjhuxgjuqzguzktdqzy/Build/Intermediates.noindex/HiraganaMatchingGame.build/Debug-iphonesimulator/HiraganaMatchingGameUITests.build/HiraganaMatchingGameUITests.xctest-Simulated.xcent.der -Xlinker -no_adhoc_codesign -o /Users/shinya/Library/Developer/Xcode/DerivedData/HiraganaMatchingGame-eunlxllhqpjhuxgjuqzguzktdqzy/Build/Products/Debug-iphonesimulator/HiraganaMatchingGameUITests-Runner.app/PlugIns/HiraganaMatchingGameUITests.xctest/HiraganaMatchingGameUITests

CopySwiftLibs /Users/shinya/Library/Developer/Xcode/DerivedData/HiraganaMatchingGame-eunlxllhqpjhuxgjuqzguzktdqzy/Build/Products/Debug-iphonesimulator/HiraganaMatchingGameUITests-Runner.app/PlugIns/HiraganaMatchingGameUITests.xctest (in target 'HiraganaMatchingGameUITests' from project 'HiraganaMatchingGame')
    cd /Users/shinya/workspace/claude/HiraganaMatchingGame/app
    builtin-swiftStdLibTool --copy --verbose --sign - --scan-executable /Users/shinya/Library/Developer/Xcode/DerivedData/HiraganaMatchingGame-eunlxllhqpjhuxgjuqzguzktdqzy/Build/Products/Debug-iphonesimulator/HiraganaMatchingGameUITests-Runner.app/PlugIns/HiraganaMatchingGameUITests.xctest/HiraganaMatchingGameUITests --scan-folder /Users/shinya/Library/Developer/Xcode/DerivedData/HiraganaMatchingGame-eunlxllhqpjhuxgjuqzguzktdqzy/Build/Products/Debug-iphonesimulator/HiraganaMatchingGameUITests-Runner.app/PlugIns/HiraganaMatchingGameUITests.xctest/Frameworks --scan-folder /Users/shinya/Library/Developer/Xcode/DerivedData/HiraganaMatchingGame-eunlxllhqpjhuxgjuqzguzktdqzy/Build/Products/Debug-iphonesimulator/HiraganaMatchingGameUITests-Runner.app/PlugIns/HiraganaMatchingGameUITests.xctest/PlugIns --scan-folder /Users/shinya/Library/Developer/Xcode/DerivedData/HiraganaMatchingGame-eunlxllhqpjhuxgjuqzguzktdqzy/Build/Products/Debug-iphonesimulator/HiraganaMatchingGameUITests-Runner.app/PlugIns/HiraganaMatchingGameUITests.xctest/SystemExtensions --scan-folder /Users/shinya/Library/Developer/Xcode/DerivedData/HiraganaMatchingGame-eunlxllhqpjhuxgjuqzguzktdqzy/Build/Products/Debug-iphonesimulator/HiraganaMatchingGameUITests-Runner.app/PlugIns/HiraganaMatchingGameUITests.xctest/Extensions --platform iphonesimulator --toolchain /Applications/Xcode.app/Contents/Developer/Toolchains/XcodeDefault.xctoolchain --destination /Users/shinya/Library/Developer/Xcode/DerivedData/HiraganaMatchingGame-eunlxllhqpjhuxgjuqzguzktdqzy/Build/Products/Debug-iphonesimulator/HiraganaMatchingGameUITests-Runner.app/PlugIns/HiraganaMatchingGameUITests.xctest/Frameworks --strip-bitcode --scan-executable /Applications/Xcode.app/Contents/Developer/Platforms/iPhoneSimulator.platform/Developer/usr/lib/libXCTestSwiftSupport.dylib --strip-bitcode-tool /Applications/Xcode.app/Contents/Developer/Toolchains/XcodeDefault.xctoolchain/usr/bin/bitcode_strip --emit-dependency-info /Users/shinya/Library/Developer/Xcode/DerivedData/HiraganaMatchingGame-eunlxllhqpjhuxgjuqzguzktdqzy/Build/Intermediates.noindex/HiraganaMatchingGame.build/Debug-iphonesimulator/HiraganaMatchingGameUITests.build/SwiftStdLibToolInputDependencies.dep --filter-for-swift-os

ExtractAppIntentsMetadata (in target 'HiraganaMatchingGameUITests' from project 'HiraganaMatchingGame')
    cd /Users/shinya/workspace/claude/HiraganaMatchingGame/app
    /Applications/Xcode.app/Contents/Developer/Toolchains/XcodeDefault.xctoolchain/usr/bin/appintentsmetadataprocessor --toolchain-dir /Applications/Xcode.app/Contents/Developer/Toolchains/XcodeDefault.xctoolchain --module-name HiraganaMatchingGameUITests --sdk-root /Applications/Xcode.app/Contents/Developer/Platforms/iPhoneSimulator.platform/Developer/SDKs/iPhoneSimulator18.5.sdk --xcode-version 16F6 --platform-family iOS --deployment-target 18.5 --bundle-identifier com.asapapalab.HiraganaMatchingGameUITests --output /Users/shinya/Library/Developer/Xcode/DerivedData/HiraganaMatchingGame-eunlxllhqpjhuxgjuqzguzktdqzy/Build/Products/Debug-iphonesimulator/HiraganaMatchingGameUITests-Runner.app/PlugIns/HiraganaMatchingGameUITests.xctest --target-triple arm64-apple-ios18.5-simulator --binary-file /Users/shinya/Library/Developer/Xcode/DerivedData/HiraganaMatchingGame-eunlxllhqpjhuxgjuqzguzktdqzy/Build/Products/Debug-iphonesimulator/HiraganaMatchingGameUITests-Runner.app/PlugIns/HiraganaMatchingGameUITests.xctest/HiraganaMatchingGameUITests --dependency-file /Users/shinya/Library/Developer/Xcode/DerivedData/HiraganaMatchingGame-eunlxllhqpjhuxgjuqzguzktdqzy/Build/Intermediates.noindex/HiraganaMatchingGame.build/Debug-iphonesimulator/HiraganaMatchingGameUITests.build/Objects-normal/arm64/HiraganaMatchingGameUITests_dependency_info.dat --stringsdata-file /Users/shinya/Library/Developer/Xcode/DerivedData/HiraganaMatchingGame-eunlxllhqpjhuxgjuqzguzktdqzy/Build/Intermediates.noindex/HiraganaMatchingGame.build/Debug-iphonesimulator/HiraganaMatchingGameUITests.build/Objects-normal/arm64/ExtractedAppShortcutsMetadata.stringsdata --source-file-list /Users/shinya/Library/Developer/Xcode/DerivedData/HiraganaMatchingGame-eunlxllhqpjhuxgjuqzguzktdqzy/Build/Intermediates.noindex/HiraganaMatchingGame.build/Debug-iphonesimulator/HiraganaMatchingGameUITests.build/Objects-normal/arm64/HiraganaMatchingGameUITests.SwiftFileList --metadata-file-list /Users/shinya/Library/Developer/Xcode/DerivedData/HiraganaMatchingGame-eunlxllhqpjhuxgjuqzguzktdqzy/Build/Intermediates.noindex/HiraganaMatchingGame.build/Debug-iphonesimulator/HiraganaMatchingGameUITests.build/HiraganaMatchingGameUITests.DependencyMetadataFileList --static-metadata-file-list /Users/shinya/Library/Developer/Xcode/DerivedData/HiraganaMatchingGame-eunlxllhqpjhuxgjuqzguzktdqzy/Build/Intermediates.noindex/HiraganaMatchingGame.build/Debug-iphonesimulator/HiraganaMatchingGameUITests.build/HiraganaMatchingGameUITests.DependencyStaticMetadataFileList --swift-const-vals-list /Users/shinya/Library/Developer/Xcode/DerivedData/HiraganaMatchingGame-eunlxllhqpjhuxgjuqzguzktdqzy/Build/Intermediates.noindex/HiraganaMatchingGame.build/Debug-iphonesimulator/HiraganaMatchingGameUITests.build/Objects-normal/arm64/HiraganaMatchingGameUITests.SwiftConstValuesFileList --compile-time-extraction --deployment-aware-processing --validate-assistant-intents --no-app-shortcuts-localization
2025-06-14 15:48:24.276 appintentsmetadataprocessor[18624:448214] Starting appintentsmetadataprocessor export
2025-06-14 15:48:24.278 appintentsmetadataprocessor[18624:448214] warning: Metadata extraction skipped. No AppIntents.framework dependency found.

CodeSign /Users/shinya/Library/Developer/Xcode/DerivedData/HiraganaMatchingGame-eunlxllhqpjhuxgjuqzguzktdqzy/Build/Products/Debug-iphonesimulator/HiraganaMatchingGameUITests-Runner.app/PlugIns/HiraganaMatchingGameUITests.xctest (in target 'HiraganaMatchingGameUITests' from project 'HiraganaMatchingGame')
    cd /Users/shinya/workspace/claude/HiraganaMatchingGame/app
    
    Signing Identity:     "Sign to Run Locally"
    
    /usr/bin/codesign --force --sign - --timestamp\=none --generate-entitlement-der /Users/shinya/Library/Developer/Xcode/DerivedData/HiraganaMatchingGame-eunlxllhqpjhuxgjuqzguzktdqzy/Build/Products/Debug-iphonesimulator/HiraganaMatchingGameUITests-Runner.app/PlugIns/HiraganaMatchingGameUITests.xctest

Testing started
Test suite 'LevelProgressionIntegrationTests' started on 'Clone 1 of iPhone 16 - HiraganaMatchingGame (19136)'
Test suite 'AudioServiceIntegrationTests' started on 'Clone 1 of iPhone 16 - HiraganaMatchingGame (19136)'
Test suite 'HiraganaMatchingGameTests' started on 'Clone 1 of iPhone 16 - HiraganaMatchingGame (19136)'
Test suite 'StarUnlockSystemTests' started on 'Clone 1 of iPhone 16 - HiraganaMatchingGame (19136)'
Test suite 'SettingsViewTests' started on 'Clone 1 of iPhone 16 - HiraganaMatchingGame (19136)'
Test suite 'LevelProgressionServiceTests' started on 'Clone 1 of iPhone 16 - HiraganaMatchingGame (19136)'
Test case 'starCalculation(score:expectedStars:)' passed on 'Clone 1 of iPhone 16 - HiraganaMatchingGame (19136)' (0.000 seconds)
Test suite 'SettingsUITests' started on 'Clone 2 of iPhone 16 - HiraganaMatchingGameUITests-Runner (19119)'
Test case 'playbackSpeedSetting()' failed on 'Clone 1 of iPhone 16 - HiraganaMatchingGame (19136)' (0.000 seconds)
Test case 'serviceIntegration()' failed on 'Clone 1 of iPhone 16 - HiraganaMatchingGame (19136)' (0.000 seconds)
Test case 'AudioServiceIntegrationTests/audioPrepareTest()' failed on 'Clone 1 of iPhone 16 - HiraganaMatchingGame (19136)' (0.000 seconds)
Test case 'AudioServiceIntegrationTests/volumeSettingsTest()' failed on 'Clone 1 of iPhone 16 - HiraganaMatchingGame (19136)' (0.000 seconds)
Test case 'HiraganaMatchingGameTests/example()' failed on 'Clone 1 of iPhone 16 - HiraganaMatchingGame (19136)' (0.000 seconds)
Test case 'selectIncorrectAnswer()' failed on 'Clone 1 of iPhone 16 - HiraganaMatchingGame (19136)' (0.000 seconds)
Test case 'unlockRequirementCheck()' failed on 'Clone 1 of iPhone 16 - HiraganaMatchingGame (19136)' (0.000 seconds)
Test case 'starAcquisitionOnLevelClear()' failed on 'Clone 1 of iPhone 16 - HiraganaMatchingGame (19136)' (0.000 seconds)
Test case 'gameProgressPersistence()' failed on 'Clone 1 of iPhone 16 - HiraganaMatchingGame (19136)' (0.000 seconds)
Test case 'levelSpecificQuestions()' failed on 'Clone 1 of iPhone 16 - HiraganaMatchingGame (19136)' (0.000 seconds)
Test case 'errorHandling()' failed on 'Clone 1 of iPhone 16 - HiraganaMatchingGame (19136)' (0.000 seconds)
Test case 'audioPlaybackSettings()' failed on 'Clone 1 of iPhone 16 - HiraganaMatchingGame (19136)' (0.000 seconds)
Test case 'audioPreparation()' failed on 'Clone 1 of iPhone 16 - HiraganaMatchingGame (19136)' (0.000 seconds)
Test case 'gameProgressInitialization()' failed on 'Clone 1 of iPhone 16 - HiraganaMatchingGame (19136)' (0.000 seconds)
Test case 'characterUnlock()' failed on 'Clone 1 of iPhone 16 - HiraganaMatchingGame (19136)' (0.000 seconds)
Test case 'mixedAnswerPattern()' failed on 'Clone 1 of iPhone 16 - HiraganaMatchingGame (19136)' (0.000 seconds)
Test case 'levelProgression()' failed on 'Clone 1 of iPhone 16 - HiraganaMatchingGame (19136)' (0.000 seconds)
Test case 'gameCompletionCheck()' failed on 'Clone 1 of iPhone 16 - HiraganaMatchingGame (19136)' (0.000 seconds)
Test case 'gameViewModelInitialization()' failed on 'Clone 1 of iPhone 16 - HiraganaMatchingGame (19136)' (0.000 seconds)
Test case 'startNewGame()' failed on 'Clone 1 of iPhone 16 - HiraganaMatchingGame (19136)' (0.000 seconds)
Test case 'characterInitialization()' failed on 'Clone 1 of iPhone 16 - HiraganaMatchingGame (19136)' (0.000 seconds)
Test case 'nextQuestionProgression()' failed on 'Clone 1 of iPhone 16 - HiraganaMatchingGame (19136)' (0.000 seconds)
Test case 'audioFileExistenceCheck()' failed on 'Clone 1 of iPhone 16 - HiraganaMatchingGame (19136)' (0.000 seconds)
Test case 'progressCalculation()' failed on 'Clone 1 of iPhone 16 - HiraganaMatchingGame (19136)' (0.000 seconds)
Test case 'audioServiceInitialization()' failed on 'Clone 1 of iPhone 16 - HiraganaMatchingGame (19136)' (0.000 seconds)
Test case 'voiceSpeedRange()' failed on 'Clone 1 of iPhone 16 - HiraganaMatchingGame (19136)' (0.000 seconds)
Test case 'userSettingsInitialization()' failed on 'Clone 1 of iPhone 16 - HiraganaMatchingGame (19136)' (0.000 seconds)
Test case 'settingsUpdate()' failed on 'Clone 1 of iPhone 16 - HiraganaMatchingGame (19136)' (0.000 seconds)
Test case 'selectCorrectAnswer()' failed on 'Clone 1 of iPhone 16 - HiraganaMatchingGame (19136)' (0.000 seconds)
Test case 'fullGameFlow()' failed on 'Clone 1 of iPhone 16 - HiraganaMatchingGame (19136)' (0.000 seconds)
Test case 'randomChoicesGeneration()' failed on 'Clone 1 of iPhone 16 - HiraganaMatchingGame (19136)' (0.000 seconds)
Test case 'characterUnlocking()' failed on 'Clone 1 of iPhone 16 - HiraganaMatchingGame (19136)' (0.000 seconds)
Test case 'gameLevelInitialization()' failed on 'Clone 1 of iPhone 16 - HiraganaMatchingGame (19136)' (0.000 seconds)
Test case 'volumeControl()' failed on 'Clone 1 of iPhone 16 - HiraganaMatchingGame (19136)' (0.000 seconds)
Test case 'levelUnlockCheck()' failed on 'Clone 1 of iPhone 16 - HiraganaMatchingGame (19136)' (0.000 seconds)
Test case 'bestScoreNotDowngraded()' failed on 'Clone 1 of iPhone 16 - HiraganaMatchingGame (19136)' (0.000 seconds)
Test case 'gameStatsCalculation()' failed on 'Clone 1 of iPhone 16 - HiraganaMatchingGame (19136)' (0.000 seconds)
Test case 'levelCompletionScoreUpdate()' failed on 'Clone 1 of iPhone 16 - HiraganaMatchingGame (19136)' (0.000 seconds)
Test case 'bestScoreUpdate()' failed on 'Clone 1 of iPhone 16 - HiraganaMatchingGame (19136)' (0.000 seconds)
Test case 'levelQuestionGeneration()' failed on 'Clone 1 of iPhone 16 - HiraganaMatchingGame (19136)' (0.000 seconds)
Test case 'alreadyUnlockedCharacter()' failed on 'Clone 1 of iPhone 16 - HiraganaMatchingGame (19136)' (0.000 seconds)
Test case 'starCalculation(score:expectedStars:)' failed on 'Clone 1 of iPhone 16 - HiraganaMatchingGame (19136)' (0.000 seconds)
Test case 'starCalculation(score:expectedStars:)' failed on 'Clone 1 of iPhone 16 - HiraganaMatchingGame (19136)' (0.000 seconds)
Test case 'starCalculation(score:expectedStars:)' failed on 'Clone 1 of iPhone 16 - HiraganaMatchingGame (19136)' (0.000 seconds)
Test case 'starCalculation(score:expectedStars:)' failed on 'Clone 1 of iPhone 16 - HiraganaMatchingGame (19136)' (0.000 seconds)
Test case 'answerValidation(hiragana:imageName:expected:)' passed on 'Clone 1 of iPhone 16 - HiraganaMatchingGame (19266)' (0.000 seconds)
Test case 'answerValidation(hiragana:imageName:expected:)' passed on 'Clone 1 of iPhone 16 - HiraganaMatchingGame (19266)' (0.000 seconds)
Test case 'scoreCalculation(correctAnswers:totalQuestions:expectedStars:)' passed on 'Clone 1 of iPhone 16 - HiraganaMatchingGame (19266)' (0.000 seconds)
Test case 'scoreCalculation(correctAnswers:totalQuestions:expectedStars:)' passed on 'Clone 1 of iPhone 16 - HiraganaMatchingGame (19266)' (0.000 seconds)
Test case 'scoreCalculation(correctAnswers:totalQuestions:expectedStars:)' passed on 'Clone 1 of iPhone 16 - HiraganaMatchingGame (19266)' (0.000 seconds)
Test case 'scoreCalculation(correctAnswers:totalQuestions:expectedStars:)' passed on 'Clone 1 of iPhone 16 - HiraganaMatchingGame (19266)' (0.000 seconds)
Test case 'scoreCalculation(correctAnswers:totalQuestions:expectedStars:)' passed on 'Clone 1 of iPhone 16 - HiraganaMatchingGame (19266)' (0.000 seconds)
Test case 'answerValidation(hiragana:imageName:expected:)' passed on 'Clone 1 of iPhone 16 - HiraganaMatchingGame (19266)' (0.000 seconds)
Test case 'answerValidation(hiragana:imageName:expected:)' passed on 'Clone 1 of iPhone 16 - HiraganaMatchingGame (19266)' (0.000 seconds)
Test case 'answerValidation(hiragana:imageName:expected:)' passed on 'Clone 1 of iPhone 16 - HiraganaMatchingGame (19266)' (0.000 seconds)
Test case 'answerValidation(hiragana:imageName:expected:)' passed on 'Clone 1 of iPhone 16 - HiraganaMatchingGame (19266)' (0.000 seconds)
Test case 'StarUnlockSystemTests/starCalculationSystem()' passed on 'Clone 1 of iPhone 16 - HiraganaMatchingGame (19266)' (2.000 seconds)
Test case 'StarUnlockSystemTests/characterUnlockNotification()' passed on 'Clone 1 of iPhone 16 - HiraganaMatchingGame (19266)' (2.000 seconds)
Test case 'StarUnlockSystemTests/characterUnlockByStars()' passed on 'Clone 1 of iPhone 16 - HiraganaMatchingGame (19266)' (2.000 seconds)
Test case 'StarUnlockSystemTests/initialCharacterUnlockState()' passed on 'Clone 1 of iPhone 16 - HiraganaMatchingGame (19266)' (2.000 seconds)
Test case 'LevelProgressionServiceTests/errorHandling()' failed on 'Clone 1 of iPhone 16 - HiraganaMatchingGame (19266)' (2.000 seconds)
Test case 'StarUnlockSystemTests/achievementBadgeSystem()' passed on 'Clone 1 of iPhone 16 - HiraganaMatchingGame (19266)' (2.000 seconds)
Test case 'StarUnlockSystemTests/cumulativeStarStatistics()' failed on 'Clone 1 of iPhone 16 - HiraganaMatchingGame (19266)' (2.000 seconds)
Test case 'LevelProgressionServiceTests/levelUnlockRequirements()' failed on 'Clone 1 of iPhone 16 - HiraganaMatchingGame (19266)' (2.000 seconds)
Test case 'StarUnlockSystemTests/characterUnlockProgress()' failed on 'Clone 1 of iPhone 16 - HiraganaMatchingGame (19266)' (2.000 seconds)
Test case 'StarUnlockSystemTests/levelImprovementStars()' passed on 'Clone 1 of iPhone 16 - HiraganaMatchingGame (19266)' (2.000 seconds)
Test case 'LevelProgressionIntegrationTests/levelConfigurationIntegration()' passed on 'Clone 1 of iPhone 16 - HiraganaMatchingGame (19266)' (2.000 seconds)
Test case 'LevelProgressionServiceTests/starImprovement()' failed on 'Clone 1 of iPhone 16 - HiraganaMatchingGame (19266)' (2.000 seconds)
Test case 'LevelProgressionServiceTests/levelConfiguration()' failed on 'Clone 1 of iPhone 16 - HiraganaMatchingGame (19266)' (2.000 seconds)
Test case 'LevelProgressionServiceTests/initialLevel()' failed on 'Clone 1 of iPhone 16 - HiraganaMatchingGame (19266)' (2.000 seconds)
Test case 'LevelProgressionIntegrationTests/levelCompletionIntegration()' failed on 'Clone 1 of iPhone 16 - HiraganaMatchingGame (19266)' (2.000 seconds)
Test case 'LevelProgressionServiceTests/nextLevelRecommendation()' failed on 'Clone 1 of iPhone 16 - HiraganaMatchingGame (19266)' (2.000 seconds)
Test case 'LevelProgressionIntegrationTests/levelSelectionViewModelInitialization()' failed on 'Clone 1 of iPhone 16 - HiraganaMatchingGame (19266)' (2.000 seconds)
Test case 'LevelProgressionIntegrationTests/progressionStatistics()' failed on 'Clone 1 of iPhone 16 - HiraganaMatchingGame (19266)' (2.000 seconds)
Test case 'LevelProgressionIntegrationTests/errorHandlingIntegration()' failed on 'Clone 1 of iPhone 16 - HiraganaMatchingGame (19266)' (2.000 seconds)
Test case 'LevelProgressionServiceTests/levelCompletion()' failed on 'Clone 1 of iPhone 16 - HiraganaMatchingGame (19266)' (2.000 seconds)
Test case 'LevelProgressionServiceTests/levelProgressionStats()' failed on 'Clone 1 of iPhone 16 - HiraganaMatchingGame (19266)' (2.000 seconds)
Test case 'LevelProgressionIntegrationTests/progressReset()' failed on 'Clone 1 of iPhone 16 - HiraganaMatchingGame (19266)' (2.000 seconds)
Test case 'StarUnlockSystemTests/specialCharacterUnlock()' failed on 'Clone 1 of iPhone 16 - HiraganaMatchingGame (19266)' (2.000 seconds)
Test case 'SettingsViewTests/settingsChangeNotification()' passed on 'Clone 1 of iPhone 16 - HiraganaMatchingGame (19266)' (2.000 seconds)
Test case 'SettingsViewTests/settingsValidationAndErrorHandling()' passed on 'Clone 1 of iPhone 16 - HiraganaMatchingGame (19266)' (2.000 seconds)
Test case 'AudioServiceIntegrationTests/gameViewModelIntegrationTest()' passed on 'Clone 1 of iPhone 16 - HiraganaMatchingGame (19266)' (2.000 seconds)
Test case 'SettingsViewTests/soundSettingsUpdate()' passed on 'Clone 1 of iPhone 16 - HiraganaMatchingGame (19266)' (2.000 seconds)
Test case 'SettingsViewTests/initialSettingsValues()' passed on 'Clone 1 of iPhone 16 - HiraganaMatchingGame (19266)' (2.000 seconds)
Test case 'SettingsViewTests/gameSettingsUpdate()' passed on 'Clone 1 of iPhone 16 - HiraganaMatchingGame (19266)' (2.000 seconds)
Test case 'SettingsViewTests/settingsPersistence()' passed on 'Clone 1 of iPhone 16 - HiraganaMatchingGame (19266)' (2.000 seconds)
Test case 'SettingsViewTests/accessibilitySettingsUpdate()' passed on 'Clone 1 of iPhone 16 - HiraganaMatchingGame (19266)' (2.000 seconds)
Test case 'SettingsViewTests/settingsReset()' passed on 'Clone 1 of iPhone 16 - HiraganaMatchingGame (19266)' (2.000 seconds)
Test case 'AudioServiceIntegrationTests/audioFileDetection()' passed on 'Clone 1 of iPhone 16 - HiraganaMatchingGame (19266)' (2.000 seconds)
Test case 'LevelProgressionIntegrationTests/swiftDataIntegration()' failed on 'Clone 1 of iPhone 16 - HiraganaMatchingGame (19266)' (2.000 seconds)
Test case 'LevelProgressionIntegrationTests/gameViewIntegration()' passed on 'Clone 1 of iPhone 16 - HiraganaMatchingGame (19266)' (2.000 seconds)
Test case 'AudioServiceIntegrationTests/settingsIntegration()' failed on 'Clone 1 of iPhone 16 - HiraganaMatchingGame (19266)' (2.000 seconds)
Test case 'AudioServiceIntegrationTests/playbackSpeedTest()' passed on 'Clone 1 of iPhone 16 - HiraganaMatchingGame (19266)' (2.000 seconds)
Test case 'AudioServiceIntegrationTests/soundDisableTest()' passed on 'Clone 1 of iPhone 16 - HiraganaMatchingGame (19266)' (2.000 seconds)
Test case 'AudioServiceIntegrationTests/levelAudioPreloadTest()' passed on 'Clone 1 of iPhone 16 - HiraganaMatchingGame (19266)' (3.000 seconds)
Test case 'AudioServiceIntegrationTests/multipleAudioManagementTest()' passed on 'Clone 1 of iPhone 16 - HiraganaMatchingGame (19266)' (3.000 seconds)
Test case 'SettingsUITests.testAboutScreen()' failed on 'Clone 2 of iPhone 16 - HiraganaMatchingGameUITests-Runner (19119)' (42.353 seconds)
Test suite 'GameplayUITests' started on 'Clone 1 of iPhone 16 - HiraganaMatchingGameUITests-Runner (19410)'
Test case 'SettingsUITests.testAccessibilitySettings()' failed on 'Clone 2 of iPhone 16 - HiraganaMatchingGameUITests-Runner (19119)' (14.780 seconds)
Test case 'GameplayUITests.testGameAccessibility()' failed on 'Clone 1 of iPhone 16 - HiraganaMatchingGameUITests-Runner (19410)' (10.535 seconds)
Test case 'SettingsUITests.testAudioSettings()' failed on 'Clone 2 of iPhone 16 - HiraganaMatchingGameUITests-Runner (19119)' (10.186 seconds)
Test case 'GameplayUITests.testGameCompletion()' failed on 'Clone 1 of iPhone 16 - HiraganaMatchingGameUITests-Runner (19410)' (9.086 seconds)
Test case 'SettingsUITests.testGameSettings()' failed on 'Clone 2 of iPhone 16 - HiraganaMatchingGameUITests-Runner (19119)' (9.097 seconds)
Test case 'GameplayUITests.testGameErrorHandling()' passed on 'Clone 1 of iPhone 16 - HiraganaMatchingGameUITests-Runner (19410)' (7.843 seconds)
Test case 'SettingsUITests.testLicenseScreen()' failed on 'Clone 2 of iPhone 16 - HiraganaMatchingGameUITests-Runner (19119)' (10.603 seconds)
Test case 'GameplayUITests.testGameInteraction()' failed on 'Clone 1 of iPhone 16 - HiraganaMatchingGameUITests-Runner (19410)' (7.362 seconds)
Test case 'SettingsUITests.testPickerSettings()' failed on 'Clone 2 of iPhone 16 - HiraganaMatchingGameUITests-Runner (19119)' (7.894 seconds)
Test case 'GameplayUITests.testGameLoadingPerformance()' failed on 'Clone 1 of iPhone 16 - HiraganaMatchingGameUITests-Runner (19410)' (9.531 seconds)
Test case 'SettingsUITests.testSettingsAccessibility()' failed on 'Clone 2 of iPhone 16 - HiraganaMatchingGameUITests-Runner (19119)' (8.782 seconds)
Test case 'GameplayUITests.testGamePauseAndResume()' failed on 'Clone 1 of iPhone 16 - HiraganaMatchingGameUITests-Runner (19410)' (7.452 seconds)
Test case 'SettingsUITests.testSettingsNavigation()' failed on 'Clone 2 of iPhone 16 - HiraganaMatchingGameUITests-Runner (19119)' (11.003 seconds)
Test case 'GameplayUITests.testGameSettings()' failed on 'Clone 1 of iPhone 16 - HiraganaMatchingGameUITests-Runner (19410)' (7.468 seconds)
Test case 'GameplayUITests.testGameStartFlow()' failed on 'Clone 1 of iPhone 16 - HiraganaMatchingGameUITests-Runner (19410)' (7.534 seconds)
Test case 'SettingsUITests.testSettingsPerformance()' failed on 'Clone 2 of iPhone 16 - HiraganaMatchingGameUITests-Runner (19119)' (9.533 seconds)
Test case 'GameplayUITests.testMemoryLeaks()' failed on 'Clone 1 of iPhone 16 - HiraganaMatchingGameUITests-Runner (19410)' (7.439 seconds)
Test case 'SettingsUITests.testSettingsReset()' failed on 'Clone 2 of iPhone 16 - HiraganaMatchingGameUITests-Runner (19119)' (8.717 seconds)
Test case 'GameplayUITests.testOrien2025-06-14 15:56:06.345 xcodebuild[18549:457484]  iOSSimulator: 079B3FB7-EB03-4AE5-B92C-705591C3BBEA: Failed to launch app with identifier: com.asapapalab.HiraganaMatchingGameUITests.xctrunner and options: {
    "activate_suspended" = 1;
    arguments =     (
    );
    environment =     {
        "APP_DISTRIBUTOR_ID_OVERRIDE" = "com.apple.AppStore";
        "CA_ASSERT_MAIN_THREAD_TRANSACTIONS" = 0;
        "CA_DEBUG_TRANSACTIONS" = 0;
        "DYLD_FRAMEWORK_PATH" = "/Users/shinya/Library/Developer/Xcode/DerivedData/HiraganaMatchingGame-eunlxllhqpjhuxgjuqzguzktdqzy/Build/Products/Debug-iphonesimulator:/Applications/Xcode.app/Contents/Developer/Platforms/iPhoneSimulator.platform/Developer/Library/Frameworks";
        "DYLD_INSERT_LIBRARIES" = "/Library/Developer/CoreSimulator/Volumes/iOS_22F77/Library/Developer/CoreSimulator/Profiles/Runtimes/iOS 18.5.simruntime/Contents/Resources/RuntimeRoot/usr/lib/libMainThreadChecker.dylib";
        "DYLD_LIBRARY_PATH" = "/Users/shinya/Library/Developer/Xcode/DerivedData/HiraganaMatchingGame-eunlxllhqpjhuxgjuqzguzktdqzy/Build/Products/Debug-iphonesimulator:/Applications/Xcode.app/Contents/Developer/Platforms/iPhoneSimulator.platform/Developer/usr/lib";
        "LLVM_PROFILE_FILE" = "/var/folders/ms/m08mmk9n7g36m9w9kyn8n_fw0000gn/T/com.asapapalab.HiraganaMatchingGameUITests.xctrunner/0FC23CA9-40AF-4A22-83F8-D2BF17CE4CC9-18549-0000004D70BD710E/896DE057-B499-4310-8DA6-D646FB4C4E19-%p%c.profraw";
        "MTC_CRASH_ON_REPORT" = 1;
        NSApplicationQuitWithoutSuddenTermination = YES;
        NSUnbufferedIO = YES;
        "OS_ACTIVITY_DT_MODE" = YES;
        "RUN_DESTINATION_DEVICE_NAME" = "Clone 4 of iPhone 16";
        "RUN_DESTINATION_DEVICE_PLATFORM_IDENTIFIER" = "com.apple.platform.iphonesimulator";
        "RUN_DESTINATION_DEVICE_UDID" = "079B3FB7-EB03-4AE5-B92C-705591C3BBEA";
        "SQLITE_ENABLE_THREAD_ASSERTIONS" = 1;
        TERM = dumb;
        "XCODE_SCHEME_NAME" = HiraganaMatchingGame;
        "XCODE_TEST_PLAN_NAME" = HiraganaMatchingGame;
        XCTestBundlePath = "PlugIns/HiraganaMatchingGameUITests.xctest";
        XCTestConfigurationFilePath = "";
        XCTestSessionIdentifier = "7A57C362-1A6A-459D-B6F5-1EEE640185EC";
        "__XCODE_BUILT_PRODUCTS_DIR_PATHS" = "/Users/shinya/Library/Developer/Xcode/DerivedData/HiraganaMatchingGame-eunlxllhqpjhuxgjuqzguzktdqzy/Build/Products/Debug-iphonesimulator";
        "__XPC_DYLD_FRAMEWORK_PATH" = "/Users/shinya/Library/Developer/Xcode/DerivedData/HiraganaMatchingGame-eunlxllhqpjhuxgjuqzguzktdqzy/Build/Products/Debug-iphonesimulator";
        "__XPC_DYLD_LIBRARY_PATH" = "/Users/shinya/Library/Developer/Xcode/DerivedData/HiraganaMatchingGame-eunlxllhqpjhuxgjuqzguzktdqzy/Build/Products/Debug-iphonesimulator";
        "__XPC_LLVM_PROFILE_FILE" = "/var/folders/ms/m08mmk9n7g36m9w9kyn8n_fw0000gn/T/com.asapapalab.HiraganaMatchingGameUITests.xctrunner/0FC23CA9-40AF-4A22-83F8-D2BF17CE4CC9-18549-0000004D70BD710E/896DE057-B499-4310-8DA6-D646FB4C4E19-%p%c.profraw";
    };
    stderr = "/dev/ttys006";
    stdout = "/dev/ttys006";
    "terminate_running_process" = 1;
    "wait_for_debugger" = 1;
} (error = Error Domain=FBSOpenApplicationServiceErrorDomain Code=1 "Simulator device failed to launch com.asapapalab.HiraganaMatchingGameUITests.xctrunner." UserInfo={NSLocalizedDescription=Simulator device failed to launch com.asapapalab.HiraganaMatchingGameUITests.xctrunner., NSUnderlyingError=0x600001da1da0 {Error Domain=FBSOpenApplicationServiceErrorDomain Code=1 "The request to open "com.asapapalab.HiraganaMatchingGameUITests.xctrunner" failed." UserInfo={BSErrorCodeDescription=RequestDenied, NSLocalizedDescription=The request to open "com.asapapalab.HiraganaMatchingGameUITests.xctrunner" failed., NSUnderlyingError=0x600001da2730 {Error Domain=FBProcessExit Code=64 "The process failed to launch." UserInfo={NSUnderlyingError=0x600001da2490 {Error Domain=RBSRequestErrorDomain Code=5 "Launch failed." UserInfo=0x600005ef2040 (not displayed)}, BSErrorCodeDescription=launch-failed, NSLocalizedFailureReason=The process failed to launch.}}, FBSOpenApplicationRequestID=0xebf5, NSLocalizedFailureReason=The request was denied by service delegate (SBMainWorkspace).}}, NSLocalizedFailureReason=The request was denied by service delegate (SBMainWorkspace)., FBSOpenApplicationRequestID=0xebf5, SimCallingSelector=launchApplicationWithID:options:pid:error:, BSErrorCodeDescription=RequestDenied})
2025-06-14 15:56:16.681 xcodebuild[18549:466358]  iOSSimulator: 3FAA8D25-5C4F-488E-9E61-5A3E6A481644: Failed to launch app with identifier: com.asapapalab.HiraganaMatchingGameUITests.xctrunner and options: {
    "activate_suspended" = 1;
    arguments =     (
    );
    environment =     {
        "APP_DISTRIBUTOR_ID_OVERRIDE" = "com.apple.AppStore";
        "CA_ASSERT_MAIN_THREAD_TRANSACTIONS" = 0;
        "CA_DEBUG_TRANSACTIONS" = 0;
        "DYLD_FRAMEWORK_PATH" = "/Users/shinya/Library/Developer/Xcode/DerivedData/HiraganaMatchingGame-eunlxllhqpjhuxgjuqzguzktdqzy/Build/Products/Debug-iphonesimulator:/Applications/Xcode.app/Contents/Developer/Platforms/iPhoneSimulator.platform/Developer/Library/Frameworks";
        "DYLD_INSERT_LIBRARIES" = "/Library/Developer/CoreSimulator/Volumes/iOS_22F77/Library/Developer/CoreSimulator/Profiles/Runtimes/iOS 18.5.simruntime/Contents/Resources/RuntimeRoot/usr/lib/libMainThreadChecker.dylib";
        "DYLD_LIBRARY_PATH" = "/Users/shinya/Library/Developer/Xcode/DerivedData/HiraganaMatchingGame-eunlxllhqpjhuxgjuqzguzktdqzy/Build/Products/Debug-iphonesimulator:/Applications/Xcode.app/Contents/Developer/Platforms/iPhoneSimulator.platform/Developer/usr/lib";
        "LLVM_PROFILE_FILE" = "/var/folders/ms/m08mmk9n7g36m9w9kyn8n_fw0000gn/T/com.asapapalab.HiraganaMatchingGameUITests.xctrunner/68BFEFCC-374F-45A6-9994-570B0E5D5258-18549-0000004D7022134D/FC57DB3C-FF6E-4BF8-A824-5BEA333463A1-%p%c.profraw";
        "MTC_CRASH_ON_REPORT" = 1;
        NSApplicationQuitWithoutSuddenTermination = YES;
        NSUnbufferedIO = YES;
        "OS_ACTIVITY_DT_MODE" = YES;
        "RUN_DESTINATION_DEVICE_NAME" = "Clone 3 of iPhone 16";
        "RUN_DESTINATION_DEVICE_PLATFORM_IDENTIFIER" = "com.apple.platform.iphonesimulator";
        "RUN_DESTINATION_DEVICE_UDID" = "3FAA8D25-5C4F-488E-9E61-5A3E6A481644";
        "SQLITE_ENABLE_THREAD_ASSERTIONS" = 1;
        TERM = dumb;
        "XCODE_SCHEME_NAME" = HiraganaMatchingGame;
        "XCODE_TEST_PLAN_NAME" = HiraganaMatchingGame;
        XCTestBundlePath = "PlugIns/HiraganaMatchingGameUITests.xctest";
        XCTestConfigurationFilePath = "";
        XCTestSessionIdentifier = "F7ED562D-1F71-43BA-9FDE-3B4EBD307B65";
        "__XCODE_BUILT_PRODUCTS_DIR_PATHS" = "/Users/shinya/Library/Developer/Xcode/DerivedData/HiraganaMatchingGame-eunlxllhqpjhuxgjuqzguzktdqzy/Build/Products/Debug-iphonesimulator";
        "__XPC_DYLD_FRAMEWORK_PATH" = "/Users/shinya/Library/Developer/Xcode/DerivedData/HiraganaMatchingGame-eunlxllhqpjhuxgjuqzguzktdqzy/Build/Products/Debug-iphonesimulator";
        "__XPC_DYLD_LIBRARY_PATH" = "/Users/shinya/Library/Developer/Xcode/DerivedData/HiraganaMatchingGame-eunlxllhqpjhuxgjuqzguzktdqzy/Build/Products/Debug-iphonesimulator";
        "__XPC_LLVM_PROFILE_FILE" = "/var/folders/ms/m08mmk9n7g36m9w9kyn8n_fw0000gn/T/com.asapapalab.HiraganaMatchingGameUITests.xctrunner/68BFEFCC-374F-45A6-9994-570B0E5D5258-18549-0000004D7022134D/FC57DB3C-FF6E-4BF8-A824-5BEA333463A1-%p%c.profraw";
    };
    stderr = "/dev/ttys005";
    stdout = "/dev/ttys005";
    "terminate_running_process" = 1;
    "wait_for_debugger" = 1;
} (error = Error Domain=FBSOpenApplicationServiceErrorDomain Code=1 "Simulator device failed to launch com.asapapalab.HiraganaMatchingGameUITests.xctrunner." UserInfo={NSLocalizedDescription=Simulator device failed to launch com.asapapalab.HiraganaMatchingGameUITests.xctrunner., NSUnderlyingError=0x600001c6cd80 {Error Domain=FBSOpenApplicationServiceErrorDomain Code=1 "The request to open "com.asapapalab.HiraganaMatchingGameUITests.xctrunner" failed." UserInfo={BSErrorCodeDescription=RequestDenied, NSLocalizedDescription=The request to open "com.asapapalab.HiraganaMatchingGameUITests.xctrunner" failed., NSUnderlyingError=0x600001c6c9f0 {Error Domain=FBProcessExit Code=64 "The process failed to launch." UserInfo={NSUnderlyingError=0x600001c6cae0 {Error Domain=RBSRequestErrorDomain Code=5 "Launch failed." UserInfo=0x600005ec3d40 (not displayed)}, BSErrorCodeDescription=launch-failed, NSLocalizedFailureReason=The process failed to launch.}}, FBSOpenApplicationRequestID=0xe1d3, NSLocalizedFailureReason=The request was denied by service delegate (SBMainWorkspace).}}, NSLocalizedFailureReason=The request was denied by service delegate (SBMainWorkspace)., FBSOpenApplicationRequestID=0xe1d3, SimCallingSelector=launchApplicationWithID:options:pid:error:, BSErrorCodeDescription=RequestDenied})
2025-06-14 15:57:26.440 xcodebuild[18549:447595] [MT] IDETestOperationsObserverDebug: 542.142 elapsed -- Testing started completed.
2025-06-14 15:57:26.440 xcodebuild[18549:447595] [MT] IDETestOperationsObserverDebug: 0.000 sec, +0.000 sec -- start
2025-06-14 15:57:26.440 xcodebuild[18549:447595] [MT] IDETestOperationsObserverDebug: 542.142 sec, +542.142 sec -- end

Test session results, code coverage, and logs:
	/Users/shinya/Library/Developer/Xcode/DerivedData/HiraganaMatchingGame-eunlxllhqpjhuxgjuqzguzktdqzy/Logs/Test/Test-HiraganaMatchingGame-2025.06.14_15-48-15-+0900.xcresult

Failing tests:
	playbackSpeedSetting()
	LevelProgressionIntegrationTests.errorHandlingIntegration()
	LevelProgressionIntegrationTests.errorHandlingIntegration()
	LevelProgressionIntegrationTests.errorHandlingIntegration()
	LevelProgressionIntegrationTests.errorHandlingIntegration()
	LevelProgressionIntegrationTests.levelCompletionIntegration()
	LevelProgressionIntegrationTests.levelCompletionIntegration()
	LevelProgressionIntegrationTests.levelCompletionIntegration()
	LevelProgressionIntegrationTests.levelCompletionIntegration()
	LevelProgressionIntegrationTests.levelCompletionIntegration()
	LevelProgressionIntegrationTests.swiftDataIntegration()
	LevelProgressionIntegrationTests.swiftDataIntegration()
	LevelProgressionIntegrationTests.swiftDataIntegration()
	LevelProgressionIntegrationTests.levelSelectionViewModelInitialization()
	LevelProgressionIntegrationTests.levelSelectionViewModelInitialization()
	LevelProgressionIntegrationTests.progressReset()
	LevelProgressionIntegrationTests.progressionStatistics()
	LevelProgressionIntegrationTests.progressionStatistics()
	LevelProgressionIntegrationTests.progressionStatistics()
	serviceIntegration()
	AudioServiceIntegrationTests.audioPrepareTest()
	AudioServiceIntegrationTests.volumeSettingsTest()
	AudioServiceIntegrationTests.settingsIntegration()
	HiraganaMatchingGameTests.example()
	selectIncorrectAnswer()
	unlockRequirementCheck()
	starAcquisitionOnLevelClear()
	StarUnlockSystemTests.cumulativeStarStatistics()
	StarUnlockSystemTests.specialCharacterUnlock()
	StarUnlockSystemTests.characterUnlockProgress()
	StarUnlockSystemTests.characterUnlockProgress()
	StarUnlockSystemTests.characterUnlockProgress()
	gameProgressPersistence()
	levelSpecificQuestions()
	errorHandling()
	audioPlaybackSettings()
	audioPreparation()
	LevelProgressionServiceTests.levelConfiguration()
	LevelProgressionServiceTests.errorHandling()
	LevelProgressionServiceTests.initialLevel()
	LevelProgressionServiceTests.initialLevel()
	LevelProgressionServiceTests.initialLevel()
	LevelProgressionServiceTests.starImprovement()
	LevelProgressionServiceTests.starImprovement()
	LevelProgressionServiceTests.nextLevelRecommendation()
	LevelProgressionServiceTests.nextLevelRecommendation()
	LevelProgressionServiceTests.levelUnlockRequirements()
	LevelProgressionServiceTests.levelUnlockRequirements()
	LevelProgressionServiceTests.levelUnlockRequirements()
	LevelProgressionServiceTests.levelProgressionStats()
	LevelProgressionServiceTests.levelCompletion()
	LevelProgressionServiceTests.levelCompletion()
	LevelProgressionServiceTests.levelCompletion()
	LevelProgressionServiceTests.levelCompletion()
	gameProgressInitialization()
	characterUnlock()
	mixedAnswerPattern()
	levelProgression()
	gameCompletionCheck()
	gameViewModelInitialization()
	startNewGame()
	characterInitialization()
	nextQuestionProgression()
	audioFileExistenceCheck()
	progressCalculation()
	audioServiceInitialization()
	voiceSpeedRange()
	userSettingsInitialization()
	settingsUpdate()
	selectCorrectAnswer()
	fullGameFlow()
	randomChoicesGeneration()
	characterUnlocking()
	gameLevelInitialization()
	volumeControl()
	levelUnlockCheck()
	bestScoreNotDowngraded()
	gameStatsCalculation()
	levelCompletionScoreUpdate()
	bestScoreUpdate()
	levelQuestionGeneration()
	alreadyUnlockedCharacter()
	starCalculation(score:expectedStars:)
	SettingsUITests.testAboutScreen()
	SettingsUITests.testAccessibilitySettings()
	SettingsUITests.testAudioSettings()
	SettingsUITests.testGameSettings()
	SettingsUITests.testLicenseScreen()
	SettingsUITests.testPickerSettings()
	SettingsUITests.testSettingsAccessibility()
	SettingsUITests.testSettingsNavigation()
	SettingsUITests.testSettingsPerformance()
	SettingsUITests.testSettingsReset()
	SettingsUITests.testSettingsResetCancel()
	SettingsUITests.testSettingsScreenLayout()
	SettingsUITests.testSliderSettings()
	SettingsUITests.testToggleSettings()
	HiraganaMatchingGameUITests.testAccessibilityElements()
	HiraganaMatchingGameUITests.testBackToLevelSelection()
	HiraganaMatchingGameUITests.testCompleteUserJourney()
	HiraganaMatchingGameUITests.testGameFlowWithoutData()
	HiraganaMatchingGameUITests.testLevelButtonsExist()
	HiraganaMatchingGameUITests.testNavigateToAchievements()
	HiraganaMatchingGameUITests.testNavigateToCharacterCollection()
	HiraganaMatchingGameUITests.testNavigateToGame()
	HiraganaMatchingGameUITests.testNavigateToSettings()
	HiraganaMatchingGameUITests.testNavigationPerformance()
	HiraganaMatchingGameUITests.testSettingsInteraction()
	HiraganaMatchingGameUITests.testSettingsScreenElements()
	GameplayUITests.testGameAccessibility()
	GameplayUITests.testGameCompletion()
	GameplayUITests.testGameInteraction()
	GameplayUITests.testGameLoadingPerformance()
	GameplayUITests.testGamePauseAndResume()
	GameplayUITests.testGameSettings()
	GameplayUITests.testGameStartFlow()
	GameplayUITests.testMemoryLeaks()
	GameplayUITests.testOrientationChanges()
	IntegrationUITests.testAccessibilityIntegration()
	IntegrationUITests.testAppRecoveryFromErrors()
	IntegrationUITests.testCompleteAppFlow()
	IntegrationUITests.testDataPersistenceAcrossScreens()
	IntegrationUITests.testDeviceOrientationIntegration()
	IntegrationUITests.testMemoryAndPerformance()
	IntegrationUITests.testProgressTracking()

** TEST FAILED **

tationChanges()' failed on 'Clone 1 of iPhone 16 - HiraganaMatchingGameUITests-Runner (19410)' (11.729 seconds)
Test suite 'IntegrationUITests' started on 'Clone 1 of iPhone 16 - HiraganaMatchingGameUITests-Runner (19410)'
Test case 'SettingsUITests.testSettingsResetCancel()' failed on 'Clone 2 of iPhone 16 - HiraganaMatchingGameUITests-Runner (19119)' (30.029 seconds)
Test case 'IntegrationUITests.testAccessibilityIntegration()' failed on 'Clone 1 of iPhone 16 - HiraganaMatchingGameUITests-Runner (19410)' (21.764 seconds)
Test case 'SettingsUITests.testSettingsScreenLayout()' failed on 'Clone 2 of iPhone 16 - HiraganaMatchingGameUITests-Runner (19119)' (18.758 seconds)
Test case 'IntegrationUITests.testAppRecoveryFromErrors()' failed on 'Clone 1 of iPhone 16 - HiraganaMatchingGameUITests-Runner (19410)' (27.143 seconds)
Test case 'SettingsUITests.testSliderSettings()' failed on 'Clone 2 of iPhone 16 - HiraganaMatchingGameUITests-Runner (19119)' (11.998 seconds)
Test case 'SettingsUITests.testToggleSettings()' failed on 'Clone 2 of iPhone 16 - HiraganaMatchingGameUITests-Runner (19119)' (15.949 seconds)
Test suite 'HiraganaMatchingGameUITests' started on 'Clone 2 of iPhone 16 - HiraganaMatchingGameUITests-Runner (19119)'
Test case 'IntegrationUITests.testCompleteAppFlow()' failed on 'Clone 1 of iPhone 16 - HiraganaMatchingGameUITests-Runner (19410)' (25.083 seconds)
Test case 'HiraganaMatchingGameUITests.testAccessibilityElements()' failed on 'Clone 2 of iPhone 16 - HiraganaMatchingGameUITests-Runner (19119)' (10.429 seconds)
Test case 'IntegrationUITests.testDataPersistenceAcrossScreens()' failed on 'Clone 1 of iPhone 16 - HiraganaMatchingGameUITests-Runner (19410)' (22.551 seconds)
Test case 'IntegrationUITests.testDeviceOrientationIntegration()' failed on 'Clone 1 of iPhone 16 - HiraganaMatchingGameUITests-Runner (19410)' (10.403 seconds)
Test case 'IntegrationUITests.testMemoryAndPerformance()' failed on 'Clone 1 of iPhone 16 - HiraganaMatchingGameUITests-Runner (19410)' (8.593 seconds)
Test case 'IntegrationUITests.testMultipleGameSessions()' passed on 'Clone 1 of iPhone 16 - HiraganaMatchingGameUITests-Runner (19410)' (4.917 seconds)
Test case 'HiraganaMatchingGameUITests.testAppLaunchPerformance()' passed on 'Clone 2 of iPhone 16 - HiraganaMatchingGameUITests-Runner (19119)' (48.417 seconds)
Test case 'IntegrationUITests.testProgressTracking()' failed on 'Clone 1 of iPhone 16 - HiraganaMatchingGameUITests-Runner (19410)' (6.985 seconds)
Test case 'HiraganaMatchingGameUITests.testBackToLevelSelection()' failed on 'Clone 2 of iPhone 16 - HiraganaMatchingGameUITests-Runner (19119)' (6.446 seconds)
Test case 'HiraganaMatchingGameUITests.testCompleteUserJourney()' failed on 'Clone 2 of iPhone 16 - HiraganaMatchingGameUITests-Runner (19119)' (6.860 seconds)
Test case 'HiraganaMatchingGameUITests.testGameFlowWithoutData()' failed on 'Clone 2 of iPhone 16 - HiraganaMatchingGameUITests-Runner (19119)' (6.582 seconds)
Test case 'HiraganaMatchingGameUITests.testLevelButtonsExist()' failed on 'Clone 2 of iPhone 16 - HiraganaMatchingGameUITests-Runner (19119)' (3.577 seconds)
Test case 'HiraganaMatchingGameUITests.testLevelSelectionScreenAppears()' passed on 'Clone 2 of iPhone 16 - HiraganaMatchingGameUITests-Runner (19119)' (3.542 seconds)
Test case 'HiraganaMatchingGameUITests.testNavigateToAchievements()' failed on 'Clone 2 of iPhone 16 - HiraganaMatchingGameUITests-Runner (19119)' (5.808 seconds)
Test case 'HiraganaMatchingGameUITests.testNavigateToCharacterCollection()' failed on 'Clone 2 of iPhone 16 - HiraganaMatchingGameUITests-Runner (19119)' (5.787 seconds)
Test case 'HiraganaMatchingGameUITests.testNavigateToGame()' failed on 'Clone 2 of iPhone 16 - HiraganaMatchingGameUITests-Runner (19119)' (5.901 seconds)
Test case 'HiraganaMatchingGameUITests.testNavigateToSettings()' failed on 'Clone 2 of iPhone 16 - HiraganaMatchingGameUITests-Runner (19119)' (6.006 seconds)
Test case 'HiraganaMatchingGameUITests.testNavigationButtons()' passed on 'Clone 2 of iPhone 16 - HiraganaMatchingGameUITests-Runner (19119)' (4.562 seconds)
Test case 'HiraganaMatchingGameUITests.testNavigationPerformance()' failed on 'Clone 2 of iPhone 16 - HiraganaMatchingGameUITests-Runner (19119)' (7.512 seconds)
Test case 'HiraganaMatchingGameUITests.testSettingsInteraction()' failed on 'Clone 2 of iPhone 16 - HiraganaMatchingGameUITests-Runner (19119)' (27.252 seconds)
Test case 'HiraganaMatchingGameUITests.testSettingsScreenElements()' failed on 'Clone 2 of iPhone 16 - HiraganaMatchingGameUITests-Runner (19119)' (6.968 seconds)
